../Core/Src/main.c:57:5:_write	24	static
../Core/Src/main.c:102:6:map	24	static
../Core/Src/main.c:112:5:main	40	static
../Core/Src/main.c:276:6:SystemClock_Config	88	static
../Core/Src/main.c:321:13:MX_NVIC_Init	8	static
../Core/Src/main.c:350:6:HAL_GPIO_EXTI_Callback	16	static
../Core/Src/main.c:371:6:HAL_UART_RxCpltCallback	16	static
../Core/Src/main.c:379:6:HAL_TIM_PeriodElapsedCallback	16	static
../Core/Src/main.c:389:6:HAL_CAN_RxFifo0MsgPendingCallback	16	static
../Core/Src/main.c:404:6:Error_Handler	8	static,ignoring_inline_asm
