../Core/Src/stm32f4xx_it.c:78:6:NMI_Handler	4	static
../Core/Src/stm32f4xx_it.c:93:6:HardFault_Handler	4	static
../Core/Src/stm32f4xx_it.c:108:6:MemManage_Handler	4	static
../Core/Src/stm32f4xx_it.c:123:6:BusFault_Handler	4	static
../Core/Src/stm32f4xx_it.c:138:6:UsageFault_Handler	4	static
../Core/Src/stm32f4xx_it.c:153:6:SVC_Handler	4	static
../Core/Src/stm32f4xx_it.c:166:6:DebugMon_Handler	4	static
../Core/Src/stm32f4xx_it.c:179:6:PendSV_Handler	4	static
../Core/Src/stm32f4xx_it.c:192:6:SysTick_Handler	8	static
../Core/Src/stm32f4xx_it.c:213:6:EXTI0_IRQHandler	8	static
../Core/Src/stm32f4xx_it.c:227:6:EXTI1_IRQHandler	8	static
../Core/Src/stm32f4xx_it.c:241:6:EXTI2_IRQHandler	8	static
../Core/Src/stm32f4xx_it.c:255:6:EXTI3_IRQHandler	8	static
../Core/Src/stm32f4xx_it.c:269:6:USART3_IRQHandler	8	static
../Core/Src/stm32f4xx_it.c:283:6:SDIO_IRQHandler	8	static
../Core/Src/stm32f4xx_it.c:297:6:TIM6_DAC_IRQHandler	8	static
../Core/Src/stm32f4xx_it.c:312:6:TIM7_IRQHandler	8	static
../Core/Src/stm32f4xx_it.c:326:6:DMA2_Stream0_IRQHandler	8	static
../Core/Src/stm32f4xx_it.c:340:6:DMA2_Stream2_IRQHandler	8	static
../Core/Src/stm32f4xx_it.c:354:6:DMA2_Stream3_IRQHandler	8	static
../Core/Src/stm32f4xx_it.c:368:6:OTG_FS_IRQHandler	8	static
../Core/Src/stm32f4xx_it.c:382:6:DMA2_Stream6_IRQHandler	8	static
