Archive member included to satisfy reference by file (symbol)

/Applications/STM32CubeIDE.app/Contents/Eclipse/plugins/com.st.stm32cube.ide.mcu.externaltools.gnu-tools-for-stm32.13.3.rel1.macos64_1.0.0.202411102158/tools/bin/../lib/gcc/arm-none-eabi/13.3.1/../../../../arm-none-eabi/lib/thumb/v7e-m+fp/hard/libc_nano.a(libc_a-exit.o)
                              /Applications/STM32CubeIDE.app/Contents/Eclipse/plugins/com.st.stm32cube.ide.mcu.externaltools.gnu-tools-for-stm32.13.3.rel1.macos64_1.0.0.202411102158/tools/bin/../lib/gcc/arm-none-eabi/13.3.1/../../../../arm-none-eabi/lib/thumb/v7e-m+fp/hard/crt0.o (exit)
/Applications/STM32CubeIDE.app/Contents/Eclipse/plugins/com.st.stm32cube.ide.mcu.externaltools.gnu-tools-for-stm32.13.3.rel1.macos64_1.0.0.202411102158/tools/bin/../lib/gcc/arm-none-eabi/13.3.1/../../../../arm-none-eabi/lib/thumb/v7e-m+fp/hard/libc_nano.a(libc_a-nano-vfprintf_float.o)
                              (_printf_float)
/Applications/STM32CubeIDE.app/Contents/Eclipse/plugins/com.st.stm32cube.ide.mcu.externaltools.gnu-tools-for-stm32.13.3.rel1.macos64_1.0.0.202411102158/tools/bin/../lib/gcc/arm-none-eabi/13.3.1/../../../../arm-none-eabi/lib/thumb/v7e-m+fp/hard/libc_nano.a(libc_a-nano-vfprintf_i.o)
                              /Applications/STM32CubeIDE.app/Contents/Eclipse/plugins/com.st.stm32cube.ide.mcu.externaltools.gnu-tools-for-stm32.13.3.rel1.macos64_1.0.0.202411102158/tools/bin/../lib/gcc/arm-none-eabi/13.3.1/../../../../arm-none-eabi/lib/thumb/v7e-m+fp/hard/libc_nano.a(libc_a-nano-vfprintf_float.o) (_printf_common)
/Applications/STM32CubeIDE.app/Contents/Eclipse/plugins/com.st.stm32cube.ide.mcu.externaltools.gnu-tools-for-stm32.13.3.rel1.macos64_1.0.0.202411102158/tools/bin/../lib/gcc/arm-none-eabi/13.3.1/../../../../arm-none-eabi/lib/thumb/v7e-m+fp/hard/libc_nano.a(libc_a-nano-vfscanf_float.o)
                              (_scanf_float)
/Applications/STM32CubeIDE.app/Contents/Eclipse/plugins/com.st.stm32cube.ide.mcu.externaltools.gnu-tools-for-stm32.13.3.rel1.macos64_1.0.0.202411102158/tools/bin/../lib/gcc/arm-none-eabi/13.3.1/../../../../arm-none-eabi/lib/thumb/v7e-m+fp/hard/libc_nano.a(libc_a-snprintf.o)
                              ./Core/Src/app.o (snprintf)
/Applications/STM32CubeIDE.app/Contents/Eclipse/plugins/com.st.stm32cube.ide.mcu.externaltools.gnu-tools-for-stm32.13.3.rel1.macos64_1.0.0.202411102158/tools/bin/../lib/gcc/arm-none-eabi/13.3.1/../../../../arm-none-eabi/lib/thumb/v7e-m+fp/hard/libc_nano.a(libc_a-sprintf.o)
                              /Applications/STM32CubeIDE.app/Contents/Eclipse/plugins/com.st.stm32cube.ide.mcu.externaltools.gnu-tools-for-stm32.13.3.rel1.macos64_1.0.0.202411102158/tools/bin/../lib/gcc/arm-none-eabi/13.3.1/../../../../arm-none-eabi/lib/thumb/v7e-m+fp/hard/libc_nano.a(libc_a-nano-vfscanf_float.o) (sprintf)
/Applications/STM32CubeIDE.app/Contents/Eclipse/plugins/com.st.stm32cube.ide.mcu.externaltools.gnu-tools-for-stm32.13.3.rel1.macos64_1.0.0.202411102158/tools/bin/../lib/gcc/arm-none-eabi/13.3.1/../../../../arm-none-eabi/lib/thumb/v7e-m+fp/hard/libc_nano.a(libc_a-findfp.o)
                              /Applications/STM32CubeIDE.app/Contents/Eclipse/plugins/com.st.stm32cube.ide.mcu.externaltools.gnu-tools-for-stm32.13.3.rel1.macos64_1.0.0.202411102158/tools/bin/../lib/gcc/arm-none-eabi/13.3.1/../../../../arm-none-eabi/lib/thumb/v7e-m+fp/hard/libc_nano.a(libc_a-exit.o) (__stdio_exit_handler)
/Applications/STM32CubeIDE.app/Contents/Eclipse/plugins/com.st.stm32cube.ide.mcu.externaltools.gnu-tools-for-stm32.13.3.rel1.macos64_1.0.0.202411102158/tools/bin/../lib/gcc/arm-none-eabi/13.3.1/../../../../arm-none-eabi/lib/thumb/v7e-m+fp/hard/libc_nano.a(libc_a-strtod.o)
                              /Applications/STM32CubeIDE.app/Contents/Eclipse/plugins/com.st.stm32cube.ide.mcu.externaltools.gnu-tools-for-stm32.13.3.rel1.macos64_1.0.0.202411102158/tools/bin/../lib/gcc/arm-none-eabi/13.3.1/../../../../arm-none-eabi/lib/thumb/v7e-m+fp/hard/libc_nano.a(libc_a-nano-vfscanf_float.o) (_strtod_r)
/Applications/STM32CubeIDE.app/Contents/Eclipse/plugins/com.st.stm32cube.ide.mcu.externaltools.gnu-tools-for-stm32.13.3.rel1.macos64_1.0.0.202411102158/tools/bin/../lib/gcc/arm-none-eabi/13.3.1/../../../../arm-none-eabi/lib/thumb/v7e-m+fp/hard/libc_nano.a(libc_a-strtol.o)
                              /Applications/STM32CubeIDE.app/Contents/Eclipse/plugins/com.st.stm32cube.ide.mcu.externaltools.gnu-tools-for-stm32.13.3.rel1.macos64_1.0.0.202411102158/tools/bin/../lib/gcc/arm-none-eabi/13.3.1/../../../../arm-none-eabi/lib/thumb/v7e-m+fp/hard/libc_nano.a(libc_a-nano-vfscanf_float.o) (_strtol_r)
/Applications/STM32CubeIDE.app/Contents/Eclipse/plugins/com.st.stm32cube.ide.mcu.externaltools.gnu-tools-for-stm32.13.3.rel1.macos64_1.0.0.202411102158/tools/bin/../lib/gcc/arm-none-eabi/13.3.1/../../../../arm-none-eabi/lib/thumb/v7e-m+fp/hard/libc_nano.a(libc_a-fwalk.o)
[...]
Memory Configuration

Name             Origin             Length             Attributes
CCMRAM           0x10000000         0x00010000         xrw
RAM              0x20000000         0x00020000         xrw
FLASH            0x08000000         0x00100000         xr
*default*        0x00000000         0xffffffff

Linker script and memory map

LOAD /Applications/STM32CubeIDE.app/Contents/Eclipse/plugins/com.st.stm32cube.ide.mcu.externaltools.gnu-tools-for-stm32.13.3.rel1.macos64_1.0.0.202411102158/tools/bin/../lib/gcc/arm-none-eabi/13.3.1/thumb/v7e-m+fp/hard/crti.o
LOAD /Applications/STM32CubeIDE.app/Contents/Eclipse/plugins/com.st.stm32cube.ide.mcu.externaltools.gnu-tools-for-stm32.13.3.rel1.macos64_1.0.0.202411102158/tools/bin/../lib/gcc/arm-none-eabi/13.3.1/thumb/v7e-m+fp/hard/crtbegin.o
LOAD /Applications/STM32CubeIDE.app/Contents/Eclipse/plugins/com.st.stm32cube.ide.mcu.externaltools.gnu-tools-for-stm32.13.3.rel1.macos64_1.0.0.202411102158/tools/bin/../lib/gcc/arm-none-eabi/13.3.1/../../../../arm-none-eabi/lib/thumb/v7e-m+fp/hard/crt0.o
LOAD ./Core/Src/AS6221.o
LOAD ./Core/Src/CLCD.o
LOAD ./Core/Src/DS3231.o
LOAD ./Core/Src/VS1003.o
LOAD ./Core/Src/adc.o
LOAD ./Core/Src/app.o
LOAD ./Core/Src/can.o
LOAD ./Core/Src/dma.o
LOAD ./Core/Src/gpio.o
LOAD ./Core/Src/i2c.o
LOAD ./Core/Src/main.o
LOAD ./Core/Src/sdio.o
LOAD ./Core/Src/spi.o
LOAD ./Core/Src/stm32f4xx_hal_msp.o
LOAD ./Core/Src/stm32f4xx_it.o
LOAD ./Core/Src/syscalls.o
LOAD ./Core/Src/sysmem.o
LOAD ./Core/Src/system_stm32f4xx.o
LOAD ./Core/Src/tim.o
LOAD ./Core/Src/usart.o
LOAD ./Core/Src/usb_otg.o
LOAD ./Core/Startup/startup_stm32f405vgtx.o
LOAD ./Drivers/STM32F4xx_HAL_Driver/Src/stm32f4xx_hal.o
LOAD ./Drivers/STM32F4xx_HAL_Driver/Src/stm32f4xx_hal_adc.o
LOAD ./Drivers/STM32F4xx_HAL_Driver/Src/stm32f4xx_hal_adc_ex.o
LOAD ./Drivers/STM32F4xx_HAL_Driver/Src/stm32f4xx_hal_can.o
LOAD ./Drivers/STM32F4xx_HAL_Driver/Src/stm32f4xx_hal_cortex.o
LOAD ./Drivers/STM32F4xx_HAL_Driver/Src/stm32f4xx_hal_dma.o
LOAD ./Drivers/STM32F4xx_HAL_Driver/Src/stm32f4xx_hal_dma_ex.o
LOAD ./Drivers/STM32F4xx_HAL_Driver/Src/stm32f4xx_hal_exti.o
LOAD ./Drivers/STM32F4xx_HAL_Driver/Src/stm32f4xx_hal_flash.o
LOAD ./Drivers/STM32F4xx_HAL_Driver/Src/stm32f4xx_hal_flash_ex.o
LOAD ./Drivers/STM32F4xx_HAL_Driver/Src/stm32f4xx_hal_flash_ramfunc.o
LOAD ./Drivers/STM32F4xx_HAL_Driver/Src/stm32f4xx_hal_gpio.o
LOAD ./Drivers/STM32F4xx_HAL_Driver/Src/stm32f4xx_hal_hcd.o
LOAD ./Drivers/STM32F4xx_HAL_Driver/Src/stm32f4xx_hal_i2c.o
LOAD ./Drivers/STM32F4xx_HAL_Driver/Src/stm32f4xx_hal_i2c_ex.o
LOAD ./Drivers/STM32F4xx_HAL_Driver/Src/stm32f4xx_hal_mmc.o
LOAD ./Drivers/STM32F4xx_HAL_Driver/Src/stm32f4xx_hal_pwr.o
LOAD ./Drivers/STM32F4xx_HAL_Driver/Src/stm32f4xx_hal_pwr_ex.o
LOAD ./Drivers/STM32F4xx_HAL_Driver/Src/stm32f4xx_hal_rcc.o
LOAD ./Drivers/STM32F4xx_HAL_Driver/Src/stm32f4xx_hal_rcc_ex.o
LOAD ./Drivers/STM32F4xx_HAL_Driver/Src/stm32f4xx_hal_sd.o
LOAD ./Drivers/STM32F4xx_HAL_Driver/Src/stm32f4xx_hal_spi.o
LOAD ./Drivers/STM32F4xx_HAL_Driver/Src/stm32f4xx_hal_tim.o
LOAD ./Drivers/STM32F4xx_HAL_Driver/Src/stm32f4xx_hal_tim_ex.o
LOAD ./Drivers/STM32F4xx_HAL_Driver/Src/stm32f4xx_hal_uart.o
LOAD ./Drivers/STM32F4xx_HAL_Driver/Src/stm32f4xx_ll_adc.o
LOAD ./Drivers/STM32F4xx_HAL_Driver/Src/stm32f4xx_ll_sdmmc.o
LOAD ./Drivers/STM32F4xx_HAL_Driver/Src/stm32f4xx_ll_usb.o
LOAD ./FATFS/App/fatfs.o
LOAD ./FATFS/Target/bsp_driver_sd.o
LOAD ./FATFS/Target/sd_diskio.o
LOAD ./Middlewares/Third_Party/FatFs/src/diskio.o
LOAD ./Middlewares/Third_Party/FatFs/src/ff.o
LOAD ./Middlewares/Third_Party/FatFs/src/ff_gen_drv.o
LOAD ./Middlewares/Third_Party/FatFs/src/option/ccsbcs.o
LOAD ./Middlewares/Third_Party/FatFs/src/option/syscall.o
START GROUP
LOAD /Applications/STM32CubeIDE.app/Contents/Eclipse/plugins/com.st.stm32cube.ide.mcu.externaltools.gnu-tools-for-stm32.13.3.rel1.macos64_1.0.0.202411102158/tools/bin/../lib/gcc/arm-none-eabi/13.3.1/../../../../arm-none-eabi/lib/thumb/v7e-m+fp/hard/libc_nano.a
LOAD /Applications/STM32CubeIDE.app/Contents/Eclipse/plugins/com.st.stm32cube.ide.mcu.externaltools.gnu-tools-for-stm32.13.3.rel1.macos64_1.0.0.202411102158/tools/bin/../lib/gcc/arm-none-eabi/13.3.1/../../../../arm-none-eabi/lib/thumb/v7e-m+fp/hard/libm.a
END GROUP
START GROUP
LOAD /Applications/STM32CubeIDE.app/Contents/Eclipse/plugins/com.st.stm32cube.ide.mcu.externaltools.gnu-tools-for-stm32.13.3.rel1.macos64_1.0.0.202411102158/tools/bin/../lib/gcc/arm-none-eabi/13.3.1/thumb/v7e-m+fp/hard/libgcc.a
LOAD /Applications/STM32CubeIDE.app/Contents/Eclipse/plugins/com.st.stm32cube.ide.mcu.externaltools.gnu-tools-for-stm32.13.3.rel1.macos64_1.0.0.202411102158/tools/bin/../lib/gcc/arm-none-eabi/13.3.1/../../../../arm-none-eabi/lib/thumb/v7e-m+fp/hard/libc_nano.a
END GROUP
START GROUP
LOAD /Applications/STM32CubeIDE.app/Contents/Eclipse/plugins/com.st.stm32cube.ide.mcu.externaltools.gnu-tools-for-stm32.13.3.rel1.macos64_1.0.0.202411102158/tools/bin/../lib/gcc/arm-none-eabi/13.3.1/thumb/v7e-m+fp/hard/libgcc.a
LOAD /Applications/STM32CubeIDE.app/Contents/Eclipse/plugins/com.st.stm32cube.ide.mcu.externaltools.gnu-tools-for-stm32.13.3.rel1.macos64_1.0.0.202411102158/tools/bin/../lib/gcc/arm-none-eabi/13.3.1/../../../../arm-none-eabi/lib/thumb/v7e-m+fp/hard/libc_nano.a
LOAD /Applications/STM32CubeIDE.app/Contents/Eclipse/plugins/com.st.stm32cube.ide.mcu.externaltools.gnu-tools-for-stm32.13.3.rel1.macos64_1.0.0.202411102158/tools/bin/../lib/gcc/arm-none-eabi/13.3.1/../../../../arm-none-eabi/lib/thumb/v7e-m+fp/hard/libnosys.a
END GROUP
START GROUP
LOAD /Applications/STM32CubeIDE.app/Contents/Eclipse/plugins/com.st.stm32cube.ide.mcu.externaltools.gnu-tools-for-stm32.13.3.rel1.macos64_1.0.0.202411102158/tools/bin/../lib/gcc/arm-none-eabi/13.3.1/thumb/v7e-m+fp/hard/libgcc.a
LOAD /Applications/STM32CubeIDE.app/Contents/Eclipse/plugins/com.st.stm32cube.ide.mcu.externaltools.gnu-tools-for-stm32.13.3.rel1.macos64_1.0.0.202411102158/tools/bin/../lib/gcc/arm-none-eabi/13.3.1/../../../../arm-none-eabi/lib/thumb/v7e-m+fp/hard/libc_nano.a
LOAD /Applications/STM32CubeIDE.app/Contents/Eclipse/plugins/com.st.stm32cube.ide.mcu.externaltools.gnu-tools-for-stm32.13.3.rel1.macos64_1.0.0.202411102158/tools/bin/../lib/gcc/arm-none-eabi/13.3.1/../../../../arm-none-eabi/lib/thumb/v7e-m+fp/hard/libnosys.a
END GROUP
LOAD /Applications/STM32CubeIDE.app/Contents/Eclipse/plugins/com.st.stm32cube.ide.mcu.externaltools.gnu-tools-for-stm32.13.3.rel1.macos64_1.0.0.202411102158/tools/bin/../lib/gcc/arm-none-eabi/13.3.1/thumb/v7e-m+fp/hard/crtend.o
LOAD /Applications/STM32CubeIDE.app/Contents/Eclipse/plugins/com.st.stm32cube.ide.mcu.externaltools.gnu-tools-for-stm32.13.3.rel1.macos64_1.0.0.202411102158/tools/bin/../lib/gcc/arm-none-eabi/13.3.1/thumb/v7e-m+fp/hard/crtn.o
                0x20020000                        _estack = (ORIGIN (RAM) + LENGTH (RAM))
                0x00000200                        _Min_Heap_Size = 0x200
                0x00000400                        _Min_Stack_Size = 0x400

.isr_vector     0x08000000      0x188
                0x08000000                        . = ALIGN (0x4)
 *(.isr_vector)
 .isr_vector    0x08000000      0x188 ./Core/Startup/startup_stm32f405vgtx.o
                0x08000000                g_pfnVectors
                0x08000188                        . = ALIGN (0x4)

.text           0x08000190    0x157cc
                0x08000190                        . = ALIGN (0x4)
 *(.text)
 .text          0x08000190       0x40 /Applications/STM32CubeIDE.app/Contents/Eclipse/plugins/com.st.stm32cube.ide.mcu.externaltools.gnu-tools-for-stm32.13.3.rel1.macos64_1.0.0.202411102158/tools/bin/../lib/gcc/arm-none-eabi/13.3.1/thumb/v7e-m+fp/hard/crtbegin.o
 .text          0x080001d0       0xa0 /Applications/STM32CubeIDE.app/Contents/Eclipse/plugins/com.st.stm32cube.ide.mcu.externaltools.gnu-tools-for-stm32.13.3.rel1.macos64_1.0.0.202411102158/tools/bin/../lib/gcc/arm-none-eabi/13.3.1/../../../../arm-none-eabi/lib/thumb/v7e-m+fp/hard/libc_nano.a(libc_a-memchr.o)
                0x080001d0                memchr
 .text          0x08000270       0x10 /Applications/STM32CubeIDE.app/Contents/Eclipse/plugins/com.st.stm32cube.ide.mcu.externaltools.gnu-tools-for-stm32.13.3.rel1.macos64_1.0.0.202411102158/tools/bin/../lib/gcc/arm-none-eabi/13.3.1/../../../../arm-none-eabi/lib/thumb/v7e-m+fp/hard/libc_nano.a(libc_a-strlen.o)
                0x08000270                strlen
 .text          0x08000280      0x378 /Applications/STM32CubeIDE.app/Contents/Eclipse/plugins/com.st.stm32cube.ide.mcu.externaltools.gnu-tools-for-stm32.13.3.rel1.macos64_1.0.0.202411102158/tools/bin/../lib/gcc/arm-none-eabi/13.3.1/thumb/v7e-m+fp/hard/libgcc.a(_arm_addsubdf3.o)
                0x08000280                __aeabi_drsub
                0x08000288                __subdf3
                0x08000288                __aeabi_dsub
                0x0800028c                __aeabi_dadd
                0x0800028c                __adddf3
                0x08000504                __aeabi_ui2d
                0x08000504                __floatunsidf
                0x08000524                __floatsidf
                0x08000524                __aeabi_i2d
                0x08000548                __extendsfdf2
                0x08000548                __aeabi_f2d
                0x0800058c                __aeabi_ul2d
                0x0800058c                __floatundidf
                0x0800059c                __aeabi_l2d
                0x0800059c                __floatdidf
 .text          0x080005f8      0x424 /Applications/STM32CubeIDE.app/Contents/Eclipse/plugins/com.st.stm32cube.ide.mcu.externaltools.gnu-tools-for-stm32.13.3.rel1.macos64_1.0.0.202411102158/tools/bin/../lib/gcc/arm-none-eabi/13.3.1/thumb/v7e-m+fp/hard/libgcc.a(_arm_muldivdf3.o)
                0x080005f8                __aeabi_dmul
                0x080005f8                __muldf3
                0x0800084c                __aeabi_ddiv
                0x0800084c                __divdf3
 .text          0x08000a1c      0x110 /Applications/STM32CubeIDE.app/Contents/Eclipse/plugins/com.st.stm32cube.ide.mcu.externaltools.gnu-tools-for-stm32.13.3.rel1.macos64_1.0.0.202411102158/tools/bin/../lib/gcc/arm-none-eabi/13.3.1/thumb/v7e-m+fp/hard/libgcc.a(_arm_cmpdf2.o)
                0x08000a1c                __gedf2
                0x08000a1c                __gtdf2
                0x08000a24                __ledf2
                0x08000a24                __ltdf2
                0x08000a2c                __cmpdf2
                0x08000a2c                __eqdf2
                0x08000a2c                __nedf2
                0x08000aa8                __aeabi_cdrcmple
                0x08000ab8                __aeabi_cdcmple
                0x08000ab8                __aeabi_cdcmpeq
                0x08000ac8                __aeabi_dcmpeq
                0x08000adc                __aeabi_dcmplt
                0x08000af0                __aeabi_dcmple
                0x08000b04                __aeabi_dcmpge
                0x08000b18                __aeabi_dcmpgt
 .text          0x08000b2c       0x2c /Applications/STM32CubeIDE.app/Contents/Eclipse/plugins/com.st.stm32cube.ide.mcu.externaltools.gnu-tools-for-stm32.13.3.rel1.macos64_1.0.0.202411102158/tools/bin/../lib/gcc/arm-none-eabi/13.3.1/thumb/v7e-m+fp/hard/libgcc.a(_arm_unorddf2.o)
                0x08000b2c                __aeabi_dcmpun
                0x08000b2c                __unorddf2
 .text          0x08000b58       0x50 /Applications/STM32CubeIDE.app/Contents/Eclipse/plugins/com.st.stm32cube.ide.mcu.externaltools.gnu-tools-for-stm32.13.3.rel1.macos64_1.0.0.202411102158/tools/bin/../lib/gcc/arm-none-eabi/13.3.1/thumb/v7e-m+fp/hard/libgcc.a(_arm_fixdfsi.o)
                0x08000b58                __fixdfsi
                0x08000b58                __aeabi_d2iz
 .text          0x08000ba8       0x40 /Applications/STM32CubeIDE.app/Contents/Eclipse/plugins/com.st.stm32cube.ide.mcu.externaltools.gnu-tools-for-stm32.13.3.rel1.macos64_1.0.0.202411102158/tools/bin/../lib/gcc/arm-none-eabi/13.3.1/thumb/v7e-m+fp/hard/libgcc.a(_arm_fixunsdfsi.o)
                0x08000ba8                __fixunsdfsi
                0x08000ba8                __aeabi_d2uiz
 .text          0x08000be8       0xa0 /Applications/STM32CubeIDE.app/Contents/Eclipse/plugins/com.st.stm32cube.ide.mcu.externaltools.gnu-tools-for-stm32.13.3.rel1.macos64_1.0.0.202411102158/tools/bin/../lib/gcc/arm-none-eabi/13.3.1/thumb/v7e-m+fp/hard/libgcc.a(_arm_truncdfsf2.o)
                0x08000be8                __aeabi_d2f
                0x08000be8                __truncdfsf2
 .text          0x08000c88       0x30 /Applications/STM32CubeIDE.app/Contents/Eclipse/plugins/com.st.stm32cube.ide.mcu.externaltools.gnu-tools-for-stm32.13.3.rel1.macos64_1.0.0.202411102158/tools/bin/../lib/gcc/arm-none-eabi/13.3.1/thumb/v7e-m+fp/hard/libgcc.a(_aeabi_uldivmod.o)
                0x08000c88                __aeabi_uldivmod
 .text          0x08000cb8       0x30 /Applications/STM32CubeIDE.app/Contents/Eclipse/plugins/com.st.stm32cube.ide.mcu.externaltools.gnu-tools-for-stm32.13.3.rel1.macos64_1.0.0.202411102158/tools/bin/../lib/gcc/arm-none-eabi/13.3.1/thumb/v7e-m+fp/hard/libgcc.a(_fixdfdi.o)
                0x08000cb8                __aeabi_d2lz
                0x08000cb8                __fixdfdi
 .text          0x08000ce8       0x3c /Applications/STM32CubeIDE.app/Contents/Eclipse/plugins/com.st.stm32cube.ide.mcu.externaltools.gnu-tools-for-stm32.13.3.rel1.macos64_1.0.0.202411102158/tools/bin/../lib/gcc/arm-none-eabi/13.3.1/thumb/v7e-m+fp/hard/libgcc.a(_fixunsdfdi.o)
                0x08000ce8                __aeabi_d2ulz
                0x08000ce8                __fixunsdfdi
 .text          0x08000d24      0x2f8 /Applications/STM32CubeIDE.app/Contents/Eclipse/plugins/com.st.stm32cube.ide.mcu.externaltools.gnu-tools-for-stm32.13.3.rel1.macos64_1.0.0.202411102158/tools/bin/../lib/gcc/arm-none-eabi/13.3.1/thumb/v7e-m+fp/hard/libgcc.a(_udivmoddi4.o)
                0x08000d24                __udivmoddi4
 .text          0x0800101c        0x4 /Applications/STM32CubeIDE.app/Contents/Eclipse/plugins/com.st.stm32cube.ide.mcu.externaltools.gnu-tools-for-stm32.13.3.rel1.macos64_1.0.0.202411102158/tools/bin/../lib/gcc/arm-none-eabi/13.3.1/thumb/v7e-m+fp/hard/libgcc.a(_dvmd_tls.o)
                0x0800101c                __aeabi_ldiv0
                0x0800101c                __aeabi_idiv0
 *(.text*)
 .text.AS6221_WriteRegister
                0x08001020       0x5c ./Core/Src/AS6221.o
 .text.AS6221_ReadRegister
                0x0800107c       0x64 ./Core/Src/AS6221.o
 .text.AS6221_Init
                0x080010e0       0xa6 ./Core/Src/AS6221.o
                0x080010e0                AS6221_Init
 .text.AS6221_ReadTemperature
                0x08001186       0x60 ./Core/Src/AS6221.o
                0x08001186                AS6221_ReadTemperature
 *fill*         0x080011e6        0x2 
 .text.lcd_Init
                0x080011e8       0xf8 ./Core/Src/CLCD.o
                0x080011e8                lcd_Init
 .text.lcd_clear
                0x080012e0       0x14 ./Core/Src/CLCD.o
                0x080012e0                lcd_clear
 .text.lcd_setCursor
                0x080012f4       0x58 ./Core/Src/CLCD.o
                0x080012f4                lcd_setCursor
 .text.lcd_display
                0x0800134c       0x2c ./Core/Src/CLCD.o
                0x0800134c                lcd_display
 .text.lcd_string
                0x08001378       0x2a ./Core/Src/CLCD.o
                0x08001378                lcd_string
 .text.lcd_setCurStr
                0x080013a2       0x2a ./Core/Src/CLCD.o
                0x080013a2                lcd_setCurStr
 .text.command  0x080013cc       0x1c ./Core/Src/CLCD.o
                0x080013cc                command
 .text.write    0x080013e8       0x1e ./Core/Src/CLCD.o
                0x080013e8                write
 *fill*         0x08001406        0x2 
 .text.delay_us
                0x08001408       0x34 ./Core/Src/CLCD.o
                0x08001408                delay_us
 .text.send     0x0800143c       0x40 ./Core/Src/CLCD.o
                0x0800143c                send
 .text.pulseEnable
                0x0800147c       0x44 ./Core/Src/CLCD.o
                0x0800147c                pulseEnable
 .text.write4bits
                0x080014c0       0x5c ./Core/Src/CLCD.o
                0x080014c0                write4bits
 .text.DS3231_Init
                0x0800151c       0x34 ./Core/Src/DS3231.o
                0x0800151c                DS3231_Init
 .text.DS3231_SetRegByte
                0x08001550       0x3c ./Core/Src/DS3231.o
                0x08001550                DS3231_SetRegByte
 .text.DS3231_GetRegByte
                0x0800158c       0x44 ./Core/Src/DS3231.o
                0x0800158c                DS3231_GetRegByte
 .text.DS3231_SetInterruptMode
                0x080015d0       0x42 ./Core/Src/DS3231.o
                0x080015d0                DS3231_SetInterruptMode
 .text.DS3231_EnableAlarm2
                0x08001612       0x48 ./Core/Src/DS3231.o
                0x08001612                DS3231_EnableAlarm2
 .text.DS3231_ClearAlarm2Flag
                0x0800165a       0x2c ./Core/Src/DS3231.o
                0x0800165a                DS3231_ClearAlarm2Flag
 .text.DS3231_EnableAlarm1
                0x08001686       0x44 ./Core/Src/DS3231.o
                0x08001686                DS3231_EnableAlarm1
 .text.DS3231_ClearAlarm1Flag
                0x080016ca       0x2c ./Core/Src/DS3231.o
                0x080016ca                DS3231_ClearAlarm1Flag
 .text.DS3231_IsOscillatorStopped
                0x080016f6       0x1a ./Core/Src/DS3231.o
                0x080016f6                DS3231_IsOscillatorStopped
 .text.DS3231_GetDate
                0x08001710       0x18 ./Core/Src/DS3231.o
                0x08001710                DS3231_GetDate
 .text.DS3231_GetMonth
                0x08001728       0x1e ./Core/Src/DS3231.o
                0x08001728                DS3231_GetMonth
 .text.DS3231_GetYear
                0x08001746       0x50 ./Core/Src/DS3231.o
                0x08001746                DS3231_GetYear
 .text.DS3231_GetHour
                0x08001796       0x18 ./Core/Src/DS3231.o
                0x08001796                DS3231_GetHour
 .text.DS3231_GetMinute
                0x080017ae       0x18 ./Core/Src/DS3231.o
                0x080017ae                DS3231_GetMinute
 .text.DS3231_GetSecond
                0x080017c6       0x18 ./Core/Src/DS3231.o
                0x080017c6                DS3231_GetSecond
 .text.DS3231_SetDayOfWeek
                0x080017de       0x24 ./Core/Src/DS3231.o
                0x080017de                DS3231_SetDayOfWeek
 .text.DS3231_SetDate
                0x08001802       0x24 ./Core/Src/DS3231.o
                0x08001802                DS3231_SetDate
 .text.DS3231_SetMonth
                0x08001826       0x3a ./Core/Src/DS3231.o
                0x08001826                DS3231_SetMonth
 .text.DS3231_SetYear
                0x08001860       0x8c ./Core/Src/DS3231.o
                0x08001860                DS3231_SetYear
 .text.DS3231_SetHour
                0x080018ec       0x2a ./Core/Src/DS3231.o
                0x080018ec                DS3231_SetHour
 .text.DS3231_SetMinute
                0x08001916       0x24 ./Core/Src/DS3231.o
                0x08001916                DS3231_SetMinute
 .text.DS3231_SetSecond
                0x0800193a       0x24 ./Core/Src/DS3231.o
                0x0800193a                DS3231_SetSecond
 .text.DS3231_SetFullTime
                0x0800195e       0x32 ./Core/Src/DS3231.o
                0x0800195e                DS3231_SetFullTime
 .text.DS3231_SetFullDate
                0x08001990       0x46 ./Core/Src/DS3231.o
                0x08001990                DS3231_SetFullDate
 .text.DS3231_DecodeBCD
                0x080019d6       0x32 ./Core/Src/DS3231.o
                0x080019d6                DS3231_DecodeBCD
 .text.DS3231_EncodeBCD
                0x08001a08       0x44 ./Core/Src/DS3231.o
                0x08001a08                DS3231_EncodeBCD
 .text.VS1003_SPI_Init
                0x08001a4c       0x94 ./Core/Src/VS1003.o
                0x08001a4c                VS1003_SPI_Init
 .text.VS1003_SPI_SetSpeed
                0x08001ae0       0x8c ./Core/Src/VS1003.o
 .text.VS1003_SPI_ReadWriteByte
                0x08001b6c       0x2c ./Core/Src/VS1003.o
 .text.VS1003_Init
                0x08001b98       0x48 ./Core/Src/VS1003.o
                0x08001b98                VS1003_Init
 .text.VS1003_WriteReg
                0x08001be0       0x84 ./Core/Src/VS1003.o
                0x08001be0                VS1003_WriteReg
 .text.VS1003_ReadReg
                0x08001c64       0x8c ./Core/Src/VS1003.o
                0x08001c64                VS1003_ReadReg
 .text.VS1003_ResetDecodeTime
                0x08001cf0       0x18 ./Core/Src/VS1003.o
                0x08001cf0                VS1003_ResetDecodeTime
 .text.VS1003_SoftReset
                0x08001d08      0x110 ./Core/Src/VS1003.o
                0x08001d08                VS1003_SoftReset
 .text.VS1003_WriteData
                0x08001e18       0x58 ./Core/Src/VS1003.o
                0x08001e18                VS1003_WriteData
 .text.MX_ADC1_Init
                0x08001e70       0xdc ./Core/Src/adc.o
                0x08001e70                MX_ADC1_Init
 .text.MX_ADC2_Init
                0x08001f4c       0xa4 ./Core/Src/adc.o
                0x08001f4c                MX_ADC2_Init
 .text.HAL_ADC_MspInit
                0x08001ff0      0x154 ./Core/Src/adc.o
                0x08001ff0                HAL_ADC_MspInit
 .text.BEEP_ON  0x08002144       0x30 ./Core/Src/app.o
 .text.BEEP_OFF
                0x08002174       0x1c ./Core/Src/app.o
 .text.beep_play
                0x08002190       0x28 ./Core/Src/app.o
 .text.ADC2_ReadOnce
                0x080021b8       0x34 ./Core/Src/app.o
 .text.lcd_line_set
                0x080021ec       0xa4 ./Core/Src/app.o
 .text.lcd_all_clear_cache
                0x08002290       0x40 ./Core/Src/app.o
 .text.clamp_u8
                0x080022d0       0x34 ./Core/Src/app.o
 .text.is_leap  0x08002304       0x60 ./Core/Src/app.o
 .text.days_in_month
                0x08002364       0x40 ./Core/Src/app.o
 .text.day_of_week
                0x080023a4       0x98 ./Core/Src/app.o
 .text.rtc_load_from_ds3231
                0x0800243c       0x5c ./Core/Src/app.o
 .text.rtc_apply_to_ds3231
                0x08002498       0x6c ./Core/Src/app.o
 .text.rtc_incdec
                0x08002504      0x114 ./Core/Src/app.o
 .text.rtc_next_field
                0x08002618       0x38 ./Core/Src/app.o
 .text.boot_log_clear
                0x08002650       0x64 ./Core/Src/app.o
 .text.boot_log_line
                0x080026b4      0x138 ./Core/Src/app.o
 .text.ms_now   0x080027ec        0xe ./Core/Src/app.o
 *fill*         0x080027fa        0x2 
 .text.crc32_update
                0x080027fc       0x74 ./Core/Src/app.o
 .text.cfg_default
                0x08002870       0x68 ./Core/Src/app.o
 .text.cfg_load
                0x080028d8       0x16 ./Core/Src/app.o
 *fill*         0x080028ee        0x2 
 .text.lcd_home_draw
                0x080028f0       0xf4 ./Core/Src/app.o
 .text.lcd_adc_draw
                0x080029e4      0x234 ./Core/Src/app.o
 .text.lcd_mp3_draw
                0x08002c18       0x98 ./Core/Src/app.o
 .text.lcd_ctrl_draw
                0x08002cb0       0xd4 ./Core/Src/app.o
 .text.lcd_sysmenu_draw
                0x08002d84       0x64 ./Core/Src/app.o
 .text.lcd_sysinfo_draw
                0x08002de8       0x94 ./Core/Src/app.o
 .text.lcd_datetime_draw
                0x08002e7c       0xd4 ./Core/Src/app.o
 .text.scan_buttons_50ms
                0x08002f50       0xf0 ./Core/Src/app.o
 .text.sensors_update_200ms
                0x08003040       0x90 ./Core/Src/app.o
 .text.log_open_if_needed
                0x080030d0       0xe0 ./Core/Src/app.o
 .text.csv_log_1s
                0x080031b0       0xf0 ./Core/Src/app.o
 .text.is_mp3_name
                0x080032a0       0x78 ./Core/Src/app.o
 .text.scan_music_dir
                0x08003318      0x1a4 ./Core/Src/app.o
 .text.cur_title
                0x080034bc       0x34 ./Core/Src/app.o
 .text.vs1003_set_volume
                0x080034f0       0x58 ./Core/Src/app.o
 .text.mp3_stop
                0x08003548       0x64 ./Core/Src/app.o
 .text.mp3_refill_buf
                0x080035ac       0x54 ./Core/Src/app.o
 .text.mp3_open_and_start
                0x08003600       0xf0 ./Core/Src/app.o
 .text.mp3_feed_task
                0x080036f0      0x13c ./Core/Src/app.o
 .text.mp3_seek_percent
                0x0800382c       0xd4 ./Core/Src/app.o
 .text.app_enter
                0x08003900       0x84 ./Core/Src/app.o
 .text.app_handle_event
                0x08003984      0x4d4 ./Core/Src/app.o
 .text.post_event
                0x08003e58       0x4c ./Core/Src/app.o
 .text.get_event
                0x08003ea4       0x50 ./Core/Src/app.o
 .text.App_Init
                0x08003ef4      0x220 ./Core/Src/app.o
                0x08003ef4                App_Init
 .text.App_Task
                0x08004114       0xb0 ./Core/Src/app.o
                0x08004114                App_Task
 .text.MX_CAN1_Init
                0x080041c4       0x68 ./Core/Src/can.o
                0x080041c4                MX_CAN1_Init
 .text.HAL_CAN_MspInit
                0x0800422c       0x90 ./Core/Src/can.o
                0x0800422c                HAL_CAN_MspInit
 .text.MX_DMA_Init
                0x080042bc       0x60 ./Core/Src/dma.o
                0x080042bc                MX_DMA_Init
 .text.MX_GPIO_Init
                0x0800431c      0x1ec ./Core/Src/gpio.o
                0x0800431c                MX_GPIO_Init
 .text.MX_I2C1_Init
                0x08004508       0x5c ./Core/Src/i2c.o
                0x08004508                MX_I2C1_Init
 .text.HAL_I2C_MspInit
                0x08004564       0x90 ./Core/Src/i2c.o
                0x08004564                HAL_I2C_MspInit
 .text.main     0x080045f4       0x70 ./Core/Src/main.o
                0x080045f4                main
 .text.SystemClock_Config
                0x08004664       0xd4 ./Core/Src/main.o
                0x08004664                SystemClock_Config
 .text.Error_Handler
                0x08004738        0xc ./Core/Src/main.o
                0x08004738                Error_Handler
 .text.MX_SDIO_SD_Init
                0x08004744       0x40 ./Core/Src/sdio.o
                0x08004744                MX_SDIO_SD_Init
 .text.HAL_SD_MspInit
                0x08004784      0x1e0 ./Core/Src/sdio.o
                0x08004784                HAL_SD_MspInit
 .text.MX_SPI1_Init
                0x08004964       0x6c ./Core/Src/spi.o
                0x08004964                MX_SPI1_Init
 .text.HAL_SPI_MspInit
                0x080049d0       0x90 ./Core/Src/spi.o
                0x080049d0                HAL_SPI_MspInit
 .text.HAL_MspInit
                0x08004a60       0x50 ./Core/Src/stm32f4xx_hal_msp.o
                0x08004a60                HAL_MspInit
 .text.NMI_Handler
                0x08004ab0        0x8 ./Core/Src/stm32f4xx_it.o
                0x08004ab0                NMI_Handler
 .text.HardFault_Handler
                0x08004ab8        0x8 ./Core/Src/stm32f4xx_it.o
                0x08004ab8                HardFault_Handler
 .text.MemManage_Handler
                0x08004ac0        0x8 ./Core/Src/stm32f4xx_it.o
                0x08004ac0                MemManage_Handler
 .text.BusFault_Handler
                0x08004ac8        0x8 ./Core/Src/stm32f4xx_it.o
                0x08004ac8                BusFault_Handler
 .text.UsageFault_Handler
                0x08004ad0        0x8 ./Core/Src/stm32f4xx_it.o
                0x08004ad0                UsageFault_Handler
 .text.SVC_Handler
                0x08004ad8        0xe ./Core/Src/stm32f4xx_it.o
                0x08004ad8                SVC_Handler
 .text.DebugMon_Handler
                0x08004ae6        0xe ./Core/Src/stm32f4xx_it.o
                0x08004ae6                DebugMon_Handler
 .text.PendSV_Handler
                0x08004af4        0xe ./Core/Src/stm32f4xx_it.o
                0x08004af4                PendSV_Handler
 .text.SysTick_Handler
                0x08004b02        0xc ./Core/Src/stm32f4xx_it.o
                0x08004b02                SysTick_Handler
 *fill*         0x08004b0e        0x2 
 .text.SDIO_IRQHandler
                0x08004b10       0x14 ./Core/Src/stm32f4xx_it.o
                0x08004b10                SDIO_IRQHandler
 .text.DMA2_Stream0_IRQHandler
                0x08004b24       0x14 ./Core/Src/stm32f4xx_it.o
                0x08004b24                DMA2_Stream0_IRQHandler
 .text.DMA2_Stream3_IRQHandler
                0x08004b38       0x14 ./Core/Src/stm32f4xx_it.o
                0x08004b38                DMA2_Stream3_IRQHandler
 .text.DMA2_Stream6_IRQHandler
                0x08004b4c       0x14 ./Core/Src/stm32f4xx_it.o
                0x08004b4c                DMA2_Stream6_IRQHandler
 .text._getpid  0x08004b60       0x10 ./Core/Src/syscalls.o
                0x08004b60                _getpid
 .text._kill    0x08004b70       0x20 ./Core/Src/syscalls.o
                0x08004b70                _kill
 .text._exit    0x08004b90       0x16 ./Core/Src/syscalls.o
                0x08004b90                _exit
 .text._read    0x08004ba6       0x3a ./Core/Src/syscalls.o
                0x08004ba6                _read
 .text._write   0x08004be0       0x38 ./Core/Src/syscalls.o
                0x08004be0                _write
 .text._close   0x08004c18       0x18 ./Core/Src/syscalls.o
                0x08004c18                _close
 .text._fstat   0x08004c30       0x20 ./Core/Src/syscalls.o
                0x08004c30                _fstat
 .text._isatty  0x08004c50       0x16 ./Core/Src/syscalls.o
                0x08004c50                _isatty
 .text._lseek   0x08004c66       0x1a ./Core/Src/syscalls.o
                0x08004c66                _lseek
 .text._sbrk    0x08004c80       0x6c ./Core/Src/sysmem.o
                0x08004c80                _sbrk
 .text.SystemInit
                0x08004cec       0x24 ./Core/Src/system_stm32f4xx.o
                0x08004cec                SystemInit
 .text.MX_TIM1_Init
                0x08004d10      0x140 ./Core/Src/tim.o
                0x08004d10                MX_TIM1_Init
 .text.MX_TIM2_Init
                0x08004e50       0xec ./Core/Src/tim.o
                0x08004e50                MX_TIM2_Init
 .text.MX_TIM4_Init
                0x08004f3c       0x9c ./Core/Src/tim.o
                0x08004f3c                MX_TIM4_Init
 .text.HAL_TIM_Base_MspInit
                0x08004fd8       0x98 ./Core/Src/tim.o
                0x08004fd8                HAL_TIM_Base_MspInit
 .text.HAL_TIM_MspPostInit
                0x08005070       0xc0 ./Core/Src/tim.o
                0x08005070                HAL_TIM_MspPostInit
 .text.MX_UART4_Init
                0x08005130       0x54 ./Core/Src/usart.o
                0x08005130                MX_UART4_Init
 .text.MX_USART3_UART_Init
                0x08005184       0x54 ./Core/Src/usart.o
                0x08005184                MX_USART3_UART_Init
 .text.HAL_UART_MspInit
                0x080051d8       0xfc ./Core/Src/usart.o
                0x080051d8                HAL_UART_MspInit
 .text.MX_USB_OTG_FS_HCD_Init
                0x080052d4       0x44 ./Core/Src/usb_otg.o
                0x080052d4                MX_USB_OTG_FS_HCD_Init
 .text.HAL_HCD_MspInit
                0x08005318       0xb4 ./Core/Src/usb_otg.o
                0x08005318                HAL_HCD_MspInit
 .text.Reset_Handler
                0x080053cc       0x50 ./Core/Startup/startup_stm32f405vgtx.o
                0x080053cc                Reset_Handler
 .text.Default_Handler
                0x0800541c        0x2 ./Core/Startup/startup_stm32f405vgtx.o
                0x0800541c                DMA1_Stream3_IRQHandler
                0x0800541c                HASH_RNG_IRQHandler
                0x0800541c                EXTI2_IRQHandler
                0x0800541c                TIM8_CC_IRQHandler
                0x0800541c                TIM1_CC_IRQHandler
                0x0800541c                DMA2_Stream5_IRQHandler
                0x0800541c                DMA1_Stream5_IRQHandler
                0x0800541c                PVD_IRQHandler
                0x0800541c                TAMP_STAMP_IRQHandler
                0x0800541c                CAN2_RX1_IRQHandler
                0x0800541c                EXTI3_IRQHandler
                0x0800541c                TIM8_TRG_COM_TIM14_IRQHandler
                0x0800541c                TIM1_UP_TIM10_IRQHandler
                0x0800541c                TIM8_UP_TIM13_IRQHandler
                0x0800541c                I2C3_ER_IRQHandler
                0x0800541c                EXTI0_IRQHandler
                0x0800541c                I2C2_EV_IRQHandler
                0x0800541c                DMA1_Stream2_IRQHandler
                0x0800541c                CAN1_RX0_IRQHandler
                0x0800541c                FPU_IRQHandler
                0x0800541c                OTG_HS_WKUP_IRQHandler
                0x0800541c                CAN2_SCE_IRQHandler
                0x0800541c                DMA2_Stream2_IRQHandler
                0x0800541c                SPI1_IRQHandler
                0x0800541c                TIM6_DAC_IRQHandler
                0x0800541c                TIM1_BRK_TIM9_IRQHandler
                0x0800541c                CAN2_RX0_IRQHandler
                0x0800541c                USART6_IRQHandler
                0x0800541c                USART3_IRQHandler
                0x0800541c                CAN1_RX1_IRQHandler
                0x0800541c                UART5_IRQHandler
                0x0800541c                TIM4_IRQHandler
                0x0800541c                I2C1_EV_IRQHandler
                0x0800541c                DMA1_Stream6_IRQHandler
                0x0800541c                DMA1_Stream1_IRQHandler
                0x0800541c                UART4_IRQHandler
                0x0800541c                TIM3_IRQHandler
                0x0800541c                RCC_IRQHandler
                0x0800541c                TIM8_BRK_TIM12_IRQHandler
                0x0800541c                Default_Handler
                0x0800541c                EXTI15_10_IRQHandler
                0x0800541c                ADC_IRQHandler
                0x0800541c                DMA1_Stream7_IRQHandler
                0x0800541c                TIM7_IRQHandler
                0x0800541c                CAN2_TX_IRQHandler
                0x0800541c                TIM5_IRQHandler
                0x0800541c                DMA2_Stream7_IRQHandler
                0x0800541c                I2C3_EV_IRQHandler
                0x0800541c                EXTI9_5_IRQHandler
                0x0800541c                RTC_WKUP_IRQHandler
                0x0800541c                SPI2_IRQHandler
                0x0800541c                OTG_HS_EP1_IN_IRQHandler
                0x0800541c                DMA1_Stream0_IRQHandler
                0x0800541c                CAN1_TX_IRQHandler
                0x0800541c                EXTI4_IRQHandler
                0x0800541c                FSMC_IRQHandler
                0x0800541c                OTG_HS_EP1_OUT_IRQHandler
                0x0800541c                WWDG_IRQHandler
                0x0800541c                TIM2_IRQHandler
                0x0800541c                OTG_FS_WKUP_IRQHandler
                0x0800541c                TIM1_TRG_COM_TIM11_IRQHandler
                0x0800541c                OTG_HS_IRQHandler
                0x0800541c                EXTI1_IRQHandler
                0x0800541c                USART2_IRQHandler
                0x0800541c                I2C2_ER_IRQHandler
                0x0800541c                DMA2_Stream1_IRQHandler
                0x0800541c                CAN1_SCE_IRQHandler
                0x0800541c                FLASH_IRQHandler
                0x0800541c                DMA2_Stream4_IRQHandler
                0x0800541c                USART1_IRQHandler
                0x0800541c                OTG_FS_IRQHandler
                0x0800541c                SPI3_IRQHandler
                0x0800541c                DMA1_Stream4_IRQHandler
                0x0800541c                I2C1_ER_IRQHandler
                0x0800541c                RTC_Alarm_IRQHandler
 *fill*         0x0800541e        0x2 
 .text.HAL_Init
                0x08005420       0x44 ./Drivers/STM32F4xx_HAL_Driver/Src/stm32f4xx_hal.o
                0x08005420                HAL_Init
 .text.HAL_InitTick
                0x08005464       0x60 ./Drivers/STM32F4xx_HAL_Driver/Src/stm32f4xx_hal.o
                0x08005464                HAL_InitTick
 .text.HAL_IncTick
                0x080054c4       0x28 ./Drivers/STM32F4xx_HAL_Driver/Src/stm32f4xx_hal.o
                0x080054c4                HAL_IncTick
 .text.HAL_GetTick
                0x080054ec       0x18 ./Drivers/STM32F4xx_HAL_Driver/Src/stm32f4xx_hal.o
                0x080054ec                HAL_GetTick
 .text.HAL_Delay
                0x08005504       0x48 ./Drivers/STM32F4xx_HAL_Driver/Src/stm32f4xx_hal.o
                0x08005504                HAL_Delay
 .text.HAL_ADC_Init
                0x0800554c       0x86 ./Drivers/STM32F4xx_HAL_Driver/Src/stm32f4xx_hal_adc.o
                0x0800554c                HAL_ADC_Init
 *fill*         0x080055d2        0x2 
 .text.HAL_ADC_Start
                0x080055d4      0x1a4 ./Drivers/STM32F4xx_HAL_Driver/Src/stm32f4xx_hal_adc.o
                0x080055d4                HAL_ADC_Start
 .text.HAL_ADC_Stop
                0x08005778       0x66 ./Drivers/STM32F4xx_HAL_Driver/Src/stm32f4xx_hal_adc.o
                0x08005778                HAL_ADC_Stop
 .text.HAL_ADC_PollForConversion
                0x080057de      0x116 ./Drivers/STM32F4xx_HAL_Driver/Src/stm32f4xx_hal_adc.o
                0x080057de                HAL_ADC_PollForConversion
 .text.HAL_ADC_Start_DMA
                0x080058f4      0x228 ./Drivers/STM32F4xx_HAL_Driver/Src/stm32f4xx_hal_adc.o
                0x080058f4                HAL_ADC_Start_DMA
 .text.HAL_ADC_GetValue
                0x08005b1c       0x1a ./Drivers/STM32F4xx_HAL_Driver/Src/stm32f4xx_hal_adc.o
                0x08005b1c                HAL_ADC_GetValue
 .text.HAL_ADC_ConvCpltCallback
                0x08005b36       0x14 ./Drivers/STM32F4xx_HAL_Driver/Src/stm32f4xx_hal_adc.o
                0x08005b36                HAL_ADC_ConvCpltCallback
 .text.HAL_ADC_ConvHalfCpltCallback
                0x08005b4a       0x14 ./Drivers/STM32F4xx_HAL_Driver/Src/stm32f4xx_hal_adc.o
                0x08005b4a                HAL_ADC_ConvHalfCpltCallback
 .text.HAL_ADC_ErrorCallback
                0x08005b5e       0x14 ./Drivers/STM32F4xx_HAL_Driver/Src/stm32f4xx_hal_adc.o
                0x08005b5e                HAL_ADC_ErrorCallback
 *fill*         0x08005b72        0x2 
 .text.HAL_ADC_ConfigChannel
                0x08005b74      0x244 ./Drivers/STM32F4xx_HAL_Driver/Src/stm32f4xx_hal_adc.o
                0x08005b74                HAL_ADC_ConfigChannel
 .text.ADC_Init
                0x08005db8      0x1f8 ./Drivers/STM32F4xx_HAL_Driver/Src/stm32f4xx_hal_adc.o
 .text.ADC_DMAConvCplt
                0x08005fb0       0xba ./Drivers/STM32F4xx_HAL_Driver/Src/stm32f4xx_hal_adc.o
 .text.ADC_DMAHalfConvCplt
                0x0800606a       0x1c ./Drivers/STM32F4xx_HAL_Driver/Src/stm32f4xx_hal_adc.o
 .text.ADC_DMAError
                0x08006086       0x2e ./Drivers/STM32F4xx_HAL_Driver/Src/stm32f4xx_hal_adc.o
 .text.HAL_CAN_Init
                0x080060b4      0x1f6 ./Drivers/STM32F4xx_HAL_Driver/Src/stm32f4xx_hal_can.o
                0x080060b4                HAL_CAN_Init
 *fill*         0x080062aa        0x2 
 .text.__NVIC_SetPriorityGrouping
                0x080062ac       0x48 ./Drivers/STM32F4xx_HAL_Driver/Src/stm32f4xx_hal_cortex.o
 .text.__NVIC_GetPriorityGrouping
                0x080062f4       0x1c ./Drivers/STM32F4xx_HAL_Driver/Src/stm32f4xx_hal_cortex.o
 .text.__NVIC_EnableIRQ
                0x08006310       0x3c ./Drivers/STM32F4xx_HAL_Driver/Src/stm32f4xx_hal_cortex.o
 .text.__NVIC_SetPriority
                0x0800634c       0x54 ./Drivers/STM32F4xx_HAL_Driver/Src/stm32f4xx_hal_cortex.o
 .text.NVIC_EncodePriority
                0x080063a0       0x66 ./Drivers/STM32F4xx_HAL_Driver/Src/stm32f4xx_hal_cortex.o
 *fill*         0x08006406        0x2 
 .text.SysTick_Config
                0x08006408       0x44 ./Drivers/STM32F4xx_HAL_Driver/Src/stm32f4xx_hal_cortex.o
 .text.HAL_NVIC_SetPriorityGrouping
                0x0800644c       0x16 ./Drivers/STM32F4xx_HAL_Driver/Src/stm32f4xx_hal_cortex.o
                0x0800644c                HAL_NVIC_SetPriorityGrouping
 .text.HAL_NVIC_SetPriority
                0x08006462       0x38 ./Drivers/STM32F4xx_HAL_Driver/Src/stm32f4xx_hal_cortex.o
                0x08006462                HAL_NVIC_SetPriority
 .text.HAL_NVIC_EnableIRQ
                0x0800649a       0x1c ./Drivers/STM32F4xx_HAL_Driver/Src/stm32f4xx_hal_cortex.o
                0x0800649a                HAL_NVIC_EnableIRQ
 .text.HAL_SYSTICK_Config
                0x080064b6       0x18 ./Drivers/STM32F4xx_HAL_Driver/Src/stm32f4xx_hal_cortex.o
                0x080064b6                HAL_SYSTICK_Config
 *fill*         0x080064ce        0x2 
 .text.HAL_DMA_Init
                0x080064d0      0x15c ./Drivers/STM32F4xx_HAL_Driver/Src/stm32f4xx_hal_dma.o
                0x080064d0                HAL_DMA_Init
 .text.HAL_DMA_Start_IT
                0x0800662c       0xb0 ./Drivers/STM32F4xx_HAL_Driver/Src/stm32f4xx_hal_dma.o
                0x0800662c                HAL_DMA_Start_IT
 .text.HAL_DMA_Abort_IT
                0x080066dc       0x44 ./Drivers/STM32F4xx_HAL_Driver/Src/stm32f4xx_hal_dma.o
                0x080066dc                HAL_DMA_Abort_IT
 .text.HAL_DMA_IRQHandler
                0x08006720      0x314 ./Drivers/STM32F4xx_HAL_Driver/Src/stm32f4xx_hal_dma.o
                0x08006720                HAL_DMA_IRQHandler
 .text.HAL_DMA_GetError
                0x08006a34       0x18 ./Drivers/STM32F4xx_HAL_Driver/Src/stm32f4xx_hal_dma.o
                0x08006a34                HAL_DMA_GetError
 .text.DMA_SetConfig
                0x08006a4c       0x5c ./Drivers/STM32F4xx_HAL_Driver/Src/stm32f4xx_hal_dma.o
 .text.DMA_CalcBaseAndBitshift
                0x08006aa8       0x6c ./Drivers/STM32F4xx_HAL_Driver/Src/stm32f4xx_hal_dma.o
 .text.DMA_CheckFifoParam
                0x08006b14       0xf8 ./Drivers/STM32F4xx_HAL_Driver/Src/stm32f4xx_hal_dma.o
 .text.HAL_GPIO_Init
                0x08006c0c      0x338 ./Drivers/STM32F4xx_HAL_Driver/Src/stm32f4xx_hal_gpio.o
                0x08006c0c                HAL_GPIO_Init
 .text.HAL_GPIO_ReadPin
                0x08006f44       0x30 ./Drivers/STM32F4xx_HAL_Driver/Src/stm32f4xx_hal_gpio.o
                0x08006f44                HAL_GPIO_ReadPin
 .text.HAL_GPIO_WritePin
                0x08006f74       0x32 ./Drivers/STM32F4xx_HAL_Driver/Src/stm32f4xx_hal_gpio.o
                0x08006f74                HAL_GPIO_WritePin
 .text.HAL_HCD_Init
                0x08006fa6       0xce ./Drivers/STM32F4xx_HAL_Driver/Src/stm32f4xx_hal_hcd.o
                0x08006fa6                HAL_HCD_Init
 .text.HAL_I2C_Init
                0x08007074      0x288 ./Drivers/STM32F4xx_HAL_Driver/Src/stm32f4xx_hal_i2c.o
                0x08007074                HAL_I2C_Init
 .text.HAL_I2C_Master_Transmit
                0x080072fc      0x1fc ./Drivers/STM32F4xx_HAL_Driver/Src/stm32f4xx_hal_i2c.o
                0x080072fc                HAL_I2C_Master_Transmit
 .text.HAL_I2C_Master_Receive
                0x080074f8      0x464 ./Drivers/STM32F4xx_HAL_Driver/Src/stm32f4xx_hal_i2c.o
                0x080074f8                HAL_I2C_Master_Receive
 .text.HAL_I2C_Mem_Read
                0x0800795c      0x464 ./Drivers/STM32F4xx_HAL_Driver/Src/stm32f4xx_hal_i2c.o
                0x0800795c                HAL_I2C_Mem_Read
 .text.HAL_I2C_IsDeviceReady
                0x08007dc0      0x25c ./Drivers/STM32F4xx_HAL_Driver/Src/stm32f4xx_hal_i2c.o
                0x08007dc0                HAL_I2C_IsDeviceReady
 .text.I2C_MasterRequestWrite
                0x0800801c      0x104 ./Drivers/STM32F4xx_HAL_Driver/Src/stm32f4xx_hal_i2c.o
 .text.I2C_MasterRequestRead
                0x08008120      0x19c ./Drivers/STM32F4xx_HAL_Driver/Src/stm32f4xx_hal_i2c.o
 .text.I2C_RequestMemoryRead
                0x080082bc      0x1d0 ./Drivers/STM32F4xx_HAL_Driver/Src/stm32f4xx_hal_i2c.o
 .text.I2C_WaitOnFlagUntilTimeout
                0x0800848c       0xf4 ./Drivers/STM32F4xx_HAL_Driver/Src/stm32f4xx_hal_i2c.o
 .text.I2C_WaitOnMasterAddressFlagUntilTimeout
                0x08008580      0x140 ./Drivers/STM32F4xx_HAL_Driver/Src/stm32f4xx_hal_i2c.o
 .text.I2C_WaitOnTXEFlagUntilTimeout
                0x080086c0       0x90 ./Drivers/STM32F4xx_HAL_Driver/Src/stm32f4xx_hal_i2c.o
 .text.I2C_WaitOnBTFFlagUntilTimeout
                0x08008750       0x90 ./Drivers/STM32F4xx_HAL_Driver/Src/stm32f4xx_hal_i2c.o
 .text.I2C_WaitOnRXNEFlagUntilTimeout
                0x080087e0       0xba ./Drivers/STM32F4xx_HAL_Driver/Src/stm32f4xx_hal_i2c.o
 .text.I2C_IsAcknowledgeFailed
                0x0800889a       0x5e ./Drivers/STM32F4xx_HAL_Driver/Src/stm32f4xx_hal_i2c.o
 .text.HAL_RCC_OscConfig
                0x080088f8      0x4f0 ./Drivers/STM32F4xx_HAL_Driver/Src/stm32f4xx_hal_rcc.o
                0x080088f8                HAL_RCC_OscConfig
 .text.HAL_RCC_ClockConfig
                0x08008de8      0x1cc ./Drivers/STM32F4xx_HAL_Driver/Src/stm32f4xx_hal_rcc.o
                0x08008de8                HAL_RCC_ClockConfig
 .text.HAL_RCC_GetSysClockFreq
                0x08008fb4      0x18c ./Drivers/STM32F4xx_HAL_Driver/Src/stm32f4xx_hal_rcc.o
                0x08008fb4                HAL_RCC_GetSysClockFreq
 .text.HAL_RCC_GetHCLKFreq
                0x08009140       0x18 ./Drivers/STM32F4xx_HAL_Driver/Src/stm32f4xx_hal_rcc.o
                0x08009140                HAL_RCC_GetHCLKFreq
 .text.HAL_RCC_GetPCLK1Freq
                0x08009158       0x28 ./Drivers/STM32F4xx_HAL_Driver/Src/stm32f4xx_hal_rcc.o
                0x08009158                HAL_RCC_GetPCLK1Freq
 .text.HAL_RCC_GetPCLK2Freq
                0x08009180       0x28 ./Drivers/STM32F4xx_HAL_Driver/Src/stm32f4xx_hal_rcc.o
                0x08009180                HAL_RCC_GetPCLK2Freq
 .text.HAL_SD_Init
                0x080091a8       0x60 ./Drivers/STM32F4xx_HAL_Driver/Src/stm32f4xx_hal_sd.o
                0x080091a8                HAL_SD_Init
 .text.HAL_SD_InitCard
                0x08009208       0xf0 ./Drivers/STM32F4xx_HAL_Driver/Src/stm32f4xx_hal_sd.o
                0x08009208                HAL_SD_InitCard
 .text.HAL_SD_ReadBlocks_DMA
                0x080092f8      0x1c4 ./Drivers/STM32F4xx_HAL_Driver/Src/stm32f4xx_hal_sd.o
                0x080092f8                HAL_SD_ReadBlocks_DMA
 .text.HAL_SD_WriteBlocks_DMA
                0x080094bc      0x1cc ./Drivers/STM32F4xx_HAL_Driver/Src/stm32f4xx_hal_sd.o
                0x080094bc                HAL_SD_WriteBlocks_DMA
 .text.HAL_SD_IRQHandler
                0x08009688      0x30c ./Drivers/STM32F4xx_HAL_Driver/Src/stm32f4xx_hal_sd.o
                0x08009688                HAL_SD_IRQHandler
 .text.HAL_SD_ErrorCallback
                0x08009994       0x14 ./Drivers/STM32F4xx_HAL_Driver/Src/stm32f4xx_hal_sd.o
                0x08009994                HAL_SD_ErrorCallback
 .text.HAL_SD_GetCardCSD
                0x080099a8      0x348 ./Drivers/STM32F4xx_HAL_Driver/Src/stm32f4xx_hal_sd.o
                0x080099a8                HAL_SD_GetCardCSD
 .text.HAL_SD_GetCardInfo
                0x08009cf0       0x58 ./Drivers/STM32F4xx_HAL_Driver/Src/stm32f4xx_hal_sd.o
                0x08009cf0                HAL_SD_GetCardInfo
 .text.HAL_SD_ConfigWideBusOperation
                0x08009d48      0x134 ./Drivers/STM32F4xx_HAL_Driver/Src/stm32f4xx_hal_sd.o
                0x08009d48                HAL_SD_ConfigWideBusOperation
 .text.HAL_SD_GetCardState
                0x08009e7c       0x40 ./Drivers/STM32F4xx_HAL_Driver/Src/stm32f4xx_hal_sd.o
                0x08009e7c                HAL_SD_GetCardState
 .text.SD_DMATransmitCplt
                0x08009ebc       0x2a ./Drivers/STM32F4xx_HAL_Driver/Src/stm32f4xx_hal_sd.o
 .text.SD_DMAReceiveCplt
                0x08009ee6       0x70 ./Drivers/STM32F4xx_HAL_Driver/Src/stm32f4xx_hal_sd.o
 *fill*         0x08009f56        0x2 
 .text.SD_DMAError
                0x08009f58       0xa4 ./Drivers/STM32F4xx_HAL_Driver/Src/stm32f4xx_hal_sd.o
 .text.SD_DMATxAbort
                0x08009ffc       0x6e ./Drivers/STM32F4xx_HAL_Driver/Src/stm32f4xx_hal_sd.o
 .text.SD_DMARxAbort
                0x0800a06a       0x6e ./Drivers/STM32F4xx_HAL_Driver/Src/stm32f4xx_hal_sd.o
 .text.SD_InitCard
                0x0800a0d8      0x19c ./Drivers/STM32F4xx_HAL_Driver/Src/stm32f4xx_hal_sd.o
 .text.SD_PowerON
                0x0800a274      0x11c ./Drivers/STM32F4xx_HAL_Driver/Src/stm32f4xx_hal_sd.o
 .text.SD_SendStatus
                0x0800a390       0x50 ./Drivers/STM32F4xx_HAL_Driver/Src/stm32f4xx_hal_sd.o
 .text.SD_WideBus_Enable
                0x0800a3e0       0x96 ./Drivers/STM32F4xx_HAL_Driver/Src/stm32f4xx_hal_sd.o
 .text.SD_WideBus_Disable
                0x0800a476       0x96 ./Drivers/STM32F4xx_HAL_Driver/Src/stm32f4xx_hal_sd.o
 .text.SD_FindSCR
                0x0800a50c      0x1b4 ./Drivers/STM32F4xx_HAL_Driver/Src/stm32f4xx_hal_sd.o
 .text.SD_Read_IT
                0x0800a6c0       0xa2 ./Drivers/STM32F4xx_HAL_Driver/Src/stm32f4xx_hal_sd.o
 .text.SD_Write_IT
                0x0800a762       0xaa ./Drivers/STM32F4xx_HAL_Driver/Src/stm32f4xx_hal_sd.o
 .text.HAL_SPI_Init
                0x0800a80c      0x112 ./Drivers/STM32F4xx_HAL_Driver/Src/stm32f4xx_hal_spi.o
                0x0800a80c                HAL_SPI_Init
 .text.HAL_SPI_TransmitReceive
                0x0800a91e      0x352 ./Drivers/STM32F4xx_HAL_Driver/Src/stm32f4xx_hal_spi.o
                0x0800a91e                HAL_SPI_TransmitReceive
 .text.SPI_WaitFlagStateUntilTimeout
                0x0800ac70      0x110 ./Drivers/STM32F4xx_HAL_Driver/Src/stm32f4xx_hal_spi.o
 .text.SPI_EndRxTxTransaction
                0x0800ad80       0xa8 ./Drivers/STM32F4xx_HAL_Driver/Src/stm32f4xx_hal_spi.o
 .text.HAL_TIM_Base_Init
                0x0800ae28       0x9e ./Drivers/STM32F4xx_HAL_Driver/Src/stm32f4xx_hal_tim.o
                0x0800ae28                HAL_TIM_Base_Init
 *fill*         0x0800aec6        0x2 
 .text.HAL_TIM_Base_Start
                0x0800aec8       0xd0 ./Drivers/STM32F4xx_HAL_Driver/Src/stm32f4xx_hal_tim.o
                0x0800aec8                HAL_TIM_Base_Start
 .text.HAL_TIM_PWM_Init
                0x0800af98       0x9e ./Drivers/STM32F4xx_HAL_Driver/Src/stm32f4xx_hal_tim.o
                0x0800af98                HAL_TIM_PWM_Init
 .text.HAL_TIM_PWM_MspInit
                0x0800b036       0x14 ./Drivers/STM32F4xx_HAL_Driver/Src/stm32f4xx_hal_tim.o
                0x0800b036                HAL_TIM_PWM_MspInit
 *fill*         0x0800b04a        0x2 
 .text.HAL_TIM_PWM_Start
                0x0800b04c      0x190 ./Drivers/STM32F4xx_HAL_Driver/Src/stm32f4xx_hal_tim.o
                0x0800b04c                HAL_TIM_PWM_Start
 .text.HAL_TIM_PWM_Stop
                0x0800b1dc       0xe0 ./Drivers/STM32F4xx_HAL_Driver/Src/stm32f4xx_hal_tim.o
                0x0800b1dc                HAL_TIM_PWM_Stop
 .text.HAL_TIM_PWM_ConfigChannel
                0x0800b2bc      0x184 ./Drivers/STM32F4xx_HAL_Driver/Src/stm32f4xx_hal_tim.o
                0x0800b2bc                HAL_TIM_PWM_ConfigChannel
 .text.HAL_TIM_ConfigClockSource
                0x0800b440      0x18e ./Drivers/STM32F4xx_HAL_Driver/Src/stm32f4xx_hal_tim.o
                0x0800b440                HAL_TIM_ConfigClockSource
 *fill*         0x0800b5ce        0x2 
 .text.TIM_Base_SetConfig
                0x0800b5d0      0x14c ./Drivers/STM32F4xx_HAL_Driver/Src/stm32f4xx_hal_tim.o
                0x0800b5d0                TIM_Base_SetConfig
 .text.TIM_OC1_SetConfig
                0x0800b71c       0xe0 ./Drivers/STM32F4xx_HAL_Driver/Src/stm32f4xx_hal_tim.o
 .text.TIM_OC2_SetConfig
                0x0800b7fc       0xec ./Drivers/STM32F4xx_HAL_Driver/Src/stm32f4xx_hal_tim.o
                0x0800b7fc                TIM_OC2_SetConfig
 .text.TIM_OC3_SetConfig
                0x0800b8e8       0xe8 ./Drivers/STM32F4xx_HAL_Driver/Src/stm32f4xx_hal_tim.o
 .text.TIM_OC4_SetConfig
                0x0800b9d0       0xac ./Drivers/STM32F4xx_HAL_Driver/Src/stm32f4xx_hal_tim.o
 .text.TIM_TI1_ConfigInputStage
                0x0800ba7c       0x5e ./Drivers/STM32F4xx_HAL_Driver/Src/stm32f4xx_hal_tim.o
 .text.TIM_TI2_ConfigInputStage
                0x0800bada       0x60 ./Drivers/STM32F4xx_HAL_Driver/Src/stm32f4xx_hal_tim.o
 .text.TIM_ITRx_SetConfig
                0x0800bb3a       0x36 ./Drivers/STM32F4xx_HAL_Driver/Src/stm32f4xx_hal_tim.o
 .text.TIM_ETR_SetConfig
                0x0800bb70       0x40 ./Drivers/STM32F4xx_HAL_Driver/Src/stm32f4xx_hal_tim.o
                0x0800bb70                TIM_ETR_SetConfig
 .text.TIM_CCxChannelCmd
                0x0800bbb0       0x4a ./Drivers/STM32F4xx_HAL_Driver/Src/stm32f4xx_hal_tim.o
                0x0800bbb0                TIM_CCxChannelCmd
 *fill*         0x0800bbfa        0x2 
 .text.HAL_TIMEx_MasterConfigSynchronization
                0x0800bbfc       0xf8 ./Drivers/STM32F4xx_HAL_Driver/Src/stm32f4xx_hal_tim_ex.o
                0x0800bbfc                HAL_TIMEx_MasterConfigSynchronization
 .text.HAL_TIMEx_ConfigBreakDeadTime
                0x0800bcf4       0xa4 ./Drivers/STM32F4xx_HAL_Driver/Src/stm32f4xx_hal_tim_ex.o
                0x0800bcf4                HAL_TIMEx_ConfigBreakDeadTime
 .text.HAL_UART_Init
                0x0800bd98       0xa0 ./Drivers/STM32F4xx_HAL_Driver/Src/stm32f4xx_hal_uart.o
                0x0800bd98                HAL_UART_Init
 .text.UART_SetConfig
                0x0800be38      0x4e8 ./Drivers/STM32F4xx_HAL_Driver/Src/stm32f4xx_hal_uart.o
 .text.SDIO_Init
                0x0800c320       0x56 ./Drivers/STM32F4xx_HAL_Driver/Src/stm32f4xx_ll_sdmmc.o
                0x0800c320                SDIO_Init
 .text.SDIO_ReadFIFO
                0x0800c376       0x1a ./Drivers/STM32F4xx_HAL_Driver/Src/stm32f4xx_ll_sdmmc.o
                0x0800c376                SDIO_ReadFIFO
 .text.SDIO_WriteFIFO
                0x0800c390       0x22 ./Drivers/STM32F4xx_HAL_Driver/Src/stm32f4xx_ll_sdmmc.o
                0x0800c390                SDIO_WriteFIFO
 .text.SDIO_PowerState_ON
                0x0800c3b2       0x1c ./Drivers/STM32F4xx_HAL_Driver/Src/stm32f4xx_ll_sdmmc.o
                0x0800c3b2                SDIO_PowerState_ON
 .text.SDIO_GetPowerState
                0x0800c3ce       0x1c ./Drivers/STM32F4xx_HAL_Driver/Src/stm32f4xx_ll_sdmmc.o
                0x0800c3ce                SDIO_GetPowerState
 .text.SDIO_SendCommand
                0x0800c3ea       0x54 ./Drivers/STM32F4xx_HAL_Driver/Src/stm32f4xx_ll_sdmmc.o
                0x0800c3ea                SDIO_SendCommand
 .text.SDIO_GetCommandResponse
                0x0800c43e       0x1a ./Drivers/STM32F4xx_HAL_Driver/Src/stm32f4xx_ll_sdmmc.o
                0x0800c43e                SDIO_GetCommandResponse
 .text.SDIO_GetResponse
                0x0800c458       0x26 ./Drivers/STM32F4xx_HAL_Driver/Src/stm32f4xx_ll_sdmmc.o
                0x0800c458                SDIO_GetResponse
 .text.SDIO_ConfigData
                0x0800c47e       0x58 ./Drivers/STM32F4xx_HAL_Driver/Src/stm32f4xx_ll_sdmmc.o
                0x0800c47e                SDIO_ConfigData
 .text.SDMMC_CmdBlockLength
                0x0800c4d6       0x44 ./Drivers/STM32F4xx_HAL_Driver/Src/stm32f4xx_ll_sdmmc.o
                0x0800c4d6                SDMMC_CmdBlockLength
 .text.SDMMC_CmdReadSingleBlock
                0x0800c51a       0x44 ./Drivers/STM32F4xx_HAL_Driver/Src/stm32f4xx_ll_sdmmc.o
                0x0800c51a                SDMMC_CmdReadSingleBlock
 .text.SDMMC_CmdReadMultiBlock
                0x0800c55e       0x44 ./Drivers/STM32F4xx_HAL_Driver/Src/stm32f4xx_ll_sdmmc.o
                0x0800c55e                SDMMC_CmdReadMultiBlock
 .text.SDMMC_CmdWriteSingleBlock
                0x0800c5a2       0x44 ./Drivers/STM32F4xx_HAL_Driver/Src/stm32f4xx_ll_sdmmc.o
                0x0800c5a2                SDMMC_CmdWriteSingleBlock
 .text.SDMMC_CmdWriteMultiBlock
                0x0800c5e6       0x44 ./Drivers/STM32F4xx_HAL_Driver/Src/stm32f4xx_ll_sdmmc.o
                0x0800c5e6                SDMMC_CmdWriteMultiBlock
 *fill*         0x0800c62a        0x2 
 .text.SDMMC_CmdStopTransfer
                0x0800c62c       0x44 ./Drivers/STM32F4xx_HAL_Driver/Src/stm32f4xx_ll_sdmmc.o
                0x0800c62c                SDMMC_CmdStopTransfer
 .text.SDMMC_CmdSelDesel
                0x0800c670       0x46 ./Drivers/STM32F4xx_HAL_Driver/Src/stm32f4xx_ll_sdmmc.o
                0x0800c670                SDMMC_CmdSelDesel
 .text.SDMMC_CmdGoIdleState
                0x0800c6b6       0x3c ./Drivers/STM32F4xx_HAL_Driver/Src/stm32f4xx_ll_sdmmc.o
                0x0800c6b6                SDMMC_CmdGoIdleState
 .text.SDMMC_CmdOperCond
                0x0800c6f2       0x3e ./Drivers/STM32F4xx_HAL_Driver/Src/stm32f4xx_ll_sdmmc.o
                0x0800c6f2                SDMMC_CmdOperCond
 .text.SDMMC_CmdAppCommand
                0x0800c730       0x44 ./Drivers/STM32F4xx_HAL_Driver/Src/stm32f4xx_ll_sdmmc.o
                0x0800c730                SDMMC_CmdAppCommand
 .text.SDMMC_CmdAppOperCommand
                0x0800c774       0x46 ./Drivers/STM32F4xx_HAL_Driver/Src/stm32f4xx_ll_sdmmc.o
                0x0800c774                SDMMC_CmdAppOperCommand
 .text.SDMMC_CmdBusWidth
                0x0800c7ba       0x44 ./Drivers/STM32F4xx_HAL_Driver/Src/stm32f4xx_ll_sdmmc.o
                0x0800c7ba                SDMMC_CmdBusWidth
 .text.SDMMC_CmdSendSCR
                0x0800c7fe       0x42 ./Drivers/STM32F4xx_HAL_Driver/Src/stm32f4xx_ll_sdmmc.o
                0x0800c7fe                SDMMC_CmdSendSCR
 .text.SDMMC_CmdSendCID
                0x0800c840       0x3c ./Drivers/STM32F4xx_HAL_Driver/Src/stm32f4xx_ll_sdmmc.o
                0x0800c840                SDMMC_CmdSendCID
 .text.SDMMC_CmdSendCSD
                0x0800c87c       0x3e ./Drivers/STM32F4xx_HAL_Driver/Src/stm32f4xx_ll_sdmmc.o
                0x0800c87c                SDMMC_CmdSendCSD
 .text.SDMMC_CmdSetRelAdd
                0x0800c8ba       0x42 ./Drivers/STM32F4xx_HAL_Driver/Src/stm32f4xx_ll_sdmmc.o
                0x0800c8ba                SDMMC_CmdSetRelAdd
 .text.SDMMC_CmdSendStatus
                0x0800c8fc       0x44 ./Drivers/STM32F4xx_HAL_Driver/Src/stm32f4xx_ll_sdmmc.o
                0x0800c8fc                SDMMC_CmdSendStatus
 .text.SDMMC_GetCmdResp1
                0x0800c940      0x1dc ./Drivers/STM32F4xx_HAL_Driver/Src/stm32f4xx_ll_sdmmc.o
                0x0800c940                SDMMC_GetCmdResp1
 .text.SDMMC_GetCmdResp2
                0x0800cb1c       0x90 ./Drivers/STM32F4xx_HAL_Driver/Src/stm32f4xx_ll_sdmmc.o
                0x0800cb1c                SDMMC_GetCmdResp2
 .text.SDMMC_GetCmdResp3
                0x0800cbac       0x7c ./Drivers/STM32F4xx_HAL_Driver/Src/stm32f4xx_ll_sdmmc.o
                0x0800cbac                SDMMC_GetCmdResp3
 .text.SDMMC_GetCmdResp6
                0x0800cc28       0xec ./Drivers/STM32F4xx_HAL_Driver/Src/stm32f4xx_ll_sdmmc.o
                0x0800cc28                SDMMC_GetCmdResp6
 .text.SDMMC_GetCmdResp7
                0x0800cd14       0x9c ./Drivers/STM32F4xx_HAL_Driver/Src/stm32f4xx_ll_sdmmc.o
                0x0800cd14                SDMMC_GetCmdResp7
 .text.SDMMC_GetCmdError
                0x0800cdb0       0x58 ./Drivers/STM32F4xx_HAL_Driver/Src/stm32f4xx_ll_sdmmc.o
 .text.USB_CoreInit
                0x0800ce08       0xc8 ./Drivers/STM32F4xx_HAL_Driver/Src/stm32f4xx_ll_usb.o
                0x0800ce08                USB_CoreInit
 .text.USB_DisableGlobalInt
                0x0800ced0       0x22 ./Drivers/STM32F4xx_HAL_Driver/Src/stm32f4xx_ll_usb.o
                0x0800ced0                USB_DisableGlobalInt
 .text.USB_SetCurrentMode
                0x0800cef2       0x98 ./Drivers/STM32F4xx_HAL_Driver/Src/stm32f4xx_ll_usb.o
                0x0800cef2                USB_SetCurrentMode
 .text.USB_FlushTxFifo
                0x0800cf8a       0x64 ./Drivers/STM32F4xx_HAL_Driver/Src/stm32f4xx_ll_usb.o
                0x0800cf8a                USB_FlushTxFifo
 .text.USB_FlushRxFifo
                0x0800cfee       0x5c ./Drivers/STM32F4xx_HAL_Driver/Src/stm32f4xx_ll_usb.o
                0x0800cfee                USB_FlushRxFifo
 .text.USB_GetMode
                0x0800d04a       0x1c ./Drivers/STM32F4xx_HAL_Driver/Src/stm32f4xx_ll_usb.o
                0x0800d04a                USB_GetMode
 .text.USB_CoreReset
                0x0800d066       0x70 ./Drivers/STM32F4xx_HAL_Driver/Src/stm32f4xx_ll_usb.o
 *fill*         0x0800d0d6        0x2 
 .text.USB_HostInit
                0x0800d0d8      0x188 ./Drivers/STM32F4xx_HAL_Driver/Src/stm32f4xx_ll_usb.o
                0x0800d0d8                USB_HostInit
 .text.MX_FATFS_Init
                0x0800d260       0x24 ./FATFS/App/fatfs.o
                0x0800d260                MX_FATFS_Init
 .text.get_fattime
                0x0800d284       0x10 ./FATFS/App/fatfs.o
                0x0800d284                get_fattime
 .text.BSP_SD_Init
                0x0800d294       0x4c ./FATFS/Target/bsp_driver_sd.o
                0x0800d294                BSP_SD_Init
 .text.BSP_SD_ReadBlocks_DMA
                0x0800d2e0       0x34 ./FATFS/Target/bsp_driver_sd.o
                0x0800d2e0                BSP_SD_ReadBlocks_DMA
 .text.BSP_SD_WriteBlocks_DMA
                0x0800d314       0x34 ./FATFS/Target/bsp_driver_sd.o
                0x0800d314                BSP_SD_WriteBlocks_DMA
 .text.BSP_SD_GetCardState
                0x0800d348       0x20 ./FATFS/Target/bsp_driver_sd.o
                0x0800d348                BSP_SD_GetCardState
 .text.BSP_SD_GetCardInfo
                0x0800d368       0x1c ./FATFS/Target/bsp_driver_sd.o
                0x0800d368                BSP_SD_GetCardInfo
 .text.HAL_SD_AbortCallback
                0x0800d384       0x14 ./FATFS/Target/bsp_driver_sd.o
                0x0800d384                HAL_SD_AbortCallback
 .text.HAL_SD_TxCpltCallback
                0x0800d398       0x14 ./FATFS/Target/bsp_driver_sd.o
                0x0800d398                HAL_SD_TxCpltCallback
 .text.HAL_SD_RxCpltCallback
                0x0800d3ac       0x14 ./FATFS/Target/bsp_driver_sd.o
                0x0800d3ac                HAL_SD_RxCpltCallback
 .text.BSP_SD_AbortCallback
                0x0800d3c0        0xe ./FATFS/Target/bsp_driver_sd.o
                0x0800d3c0                BSP_SD_AbortCallback
 .text.BSP_SD_IsDetected
                0x0800d3ce       0x1a ./FATFS/Target/bsp_driver_sd.o
                0x0800d3ce                BSP_SD_IsDetected
 .text.SD_CheckStatusWithTimeout
                0x0800d3e8       0x3a ./FATFS/Target/sd_diskio.o
 *fill*         0x0800d422        0x2 
 .text.SD_CheckStatus
                0x0800d424       0x3c ./FATFS/Target/sd_diskio.o
 .text.SD_initialize
                0x0800d460       0x38 ./FATFS/Target/sd_diskio.o
                0x0800d460                SD_initialize
 .text.SD_status
                0x0800d498       0x1c ./FATFS/Target/sd_diskio.o
                0x0800d498                SD_status
 .text.SD_read  0x0800d4b4       0xac ./FATFS/Target/sd_diskio.o
                0x0800d4b4                SD_read
 .text.SD_write
                0x0800d560       0xac ./FATFS/Target/sd_diskio.o
                0x0800d560                SD_write
 .text.SD_ioctl
                0x0800d60c       0xb0 ./FATFS/Target/sd_diskio.o
                0x0800d60c                SD_ioctl
 .text.BSP_SD_WriteCpltCallback
                0x0800d6bc       0x18 ./FATFS/Target/sd_diskio.o
                0x0800d6bc                BSP_SD_WriteCpltCallback
 .text.BSP_SD_ReadCpltCallback
                0x0800d6d4       0x18 ./FATFS/Target/sd_diskio.o
                0x0800d6d4                BSP_SD_ReadCpltCallback
 .text.disk_status
                0x0800d6ec       0x34 ./Middlewares/Third_Party/FatFs/src/diskio.o
                0x0800d6ec                disk_status
 .text.disk_initialize
                0x0800d720       0x50 ./Middlewares/Third_Party/FatFs/src/diskio.o
                0x0800d720                disk_initialize
 .text.disk_read
                0x0800d770       0x40 ./Middlewares/Third_Party/FatFs/src/diskio.o
                0x0800d770                disk_read
 .text.disk_write
                0x0800d7b0       0x40 ./Middlewares/Third_Party/FatFs/src/diskio.o
                0x0800d7b0                disk_write
 .text.disk_ioctl
                0x0800d7f0       0x3c ./Middlewares/Third_Party/FatFs/src/diskio.o
                0x0800d7f0                disk_ioctl
 .text.ld_word  0x0800d82c       0x32 ./Middlewares/Third_Party/FatFs/src/ff.o
 .text.ld_dword
                0x0800d85e       0x46 ./Middlewares/Third_Party/FatFs/src/ff.o
 .text.st_word  0x0800d8a4       0x36 ./Middlewares/Third_Party/FatFs/src/ff.o
 .text.st_dword
                0x0800d8da       0x58 ./Middlewares/Third_Party/FatFs/src/ff.o
 .text.mem_cpy  0x0800d932       0x42 ./Middlewares/Third_Party/FatFs/src/ff.o
 .text.mem_set  0x0800d974       0x36 ./Middlewares/Third_Party/FatFs/src/ff.o
 .text.mem_cmp  0x0800d9aa       0x4e ./Middlewares/Third_Party/FatFs/src/ff.o
 .text.chk_chr  0x0800d9f8       0x36 ./Middlewares/Third_Party/FatFs/src/ff.o
 *fill*         0x0800da2e        0x2 
 .text.chk_lock
                0x0800da30       0xb8 ./Middlewares/Third_Party/FatFs/src/ff.o
 .text.enq_lock
                0x0800dae8       0x44 ./Middlewares/Third_Party/FatFs/src/ff.o
 .text.inc_lock
                0x0800db2c      0x11c ./Middlewares/Third_Party/FatFs/src/ff.o
 .text.dec_lock
                0x0800dc48       0x78 ./Middlewares/Third_Party/FatFs/src/ff.o
 .text.clear_lock
                0x0800dcc0       0x48 ./Middlewares/Third_Party/FatFs/src/ff.o
 .text.sync_window
                0x0800dd08       0x88 ./Middlewares/Third_Party/FatFs/src/ff.o
 .text.move_window
                0x0800dd90       0x5a ./Middlewares/Third_Party/FatFs/src/ff.o
 *fill*         0x0800ddea        0x2 
 .text.sync_fs  0x0800ddec       0xdc ./Middlewares/Third_Party/FatFs/src/ff.o
 .text.clust2sect
                0x0800dec8       0x3e ./Middlewares/Third_Party/FatFs/src/ff.o
 .text.get_fat  0x0800df06      0x14e ./Middlewares/Third_Party/FatFs/src/ff.o
 .text.put_fat  0x0800e054      0x1d4 ./Middlewares/Third_Party/FatFs/src/ff.o
 .text.remove_chain
                0x0800e228       0xca ./Middlewares/Third_Party/FatFs/src/ff.o
 .text.create_chain
                0x0800e2f2      0x130 ./Middlewares/Third_Party/FatFs/src/ff.o
 .text.clmt_clust
                0x0800e422       0x68 ./Middlewares/Third_Party/FatFs/src/ff.o
 .text.dir_sdi  0x0800e48a       0xf6 ./Middlewares/Third_Party/FatFs/src/ff.o
 .text.dir_next
                0x0800e580      0x18a ./Middlewares/Third_Party/FatFs/src/ff.o
 .text.dir_alloc
                0x0800e70a       0x8e ./Middlewares/Third_Party/FatFs/src/ff.o
 .text.ld_clust
                0x0800e798       0x3e ./Middlewares/Third_Party/FatFs/src/ff.o
 .text.st_clust
                0x0800e7d6       0x40 ./Middlewares/Third_Party/FatFs/src/ff.o
 *fill*         0x0800e816        0x2 
 .text.cmp_lfn  0x0800e818       0xe0 ./Middlewares/Third_Party/FatFs/src/ff.o
 .text.pick_lfn
                0x0800e8f8       0xc8 ./Middlewares/Third_Party/FatFs/src/ff.o
 .text.put_lfn  0x0800e9c0       0xd0 ./Middlewares/Third_Party/FatFs/src/ff.o
 .text.gen_numname
                0x0800ea90      0x11c ./Middlewares/Third_Party/FatFs/src/ff.o
 .text.sum_sfn  0x0800ebac       0x42 ./Middlewares/Third_Party/FatFs/src/ff.o
 .text.dir_read
                0x0800ebee      0x14e ./Middlewares/Third_Party/FatFs/src/ff.o
 .text.dir_find
                0x0800ed3c      0x180 ./Middlewares/Third_Party/FatFs/src/ff.o
 .text.dir_register
                0x0800eebc      0x1f0 ./Middlewares/Third_Party/FatFs/src/ff.o
 .text.get_fileinfo
                0x0800f0ac      0x1bc ./Middlewares/Third_Party/FatFs/src/ff.o
 .text.create_name
                0x0800f268      0x370 ./Middlewares/Third_Party/FatFs/src/ff.o
 .text.follow_path
                0x0800f5d8       0xe2 ./Middlewares/Third_Party/FatFs/src/ff.o
 .text.get_ldnumber
                0x0800f6ba       0x88 ./Middlewares/Third_Party/FatFs/src/ff.o
 *fill*         0x0800f742        0x2 
 .text.check_fs
                0x0800f744       0xac ./Middlewares/Third_Party/FatFs/src/ff.o
 .text.find_volume
                0x0800f7f0      0x4a0 ./Middlewares/Third_Party/FatFs/src/ff.o
 .text.validate
                0x0800fc90       0x6a ./Middlewares/Third_Party/FatFs/src/ff.o
 *fill*         0x0800fcfa        0x2 
 .text.f_mount  0x0800fcfc       0x8c ./Middlewares/Third_Party/FatFs/src/ff.o
                0x0800fcfc                f_mount
 .text.f_open   0x0800fd88      0x374 ./Middlewares/Third_Party/FatFs/src/ff.o
                0x0800fd88                f_open
 .text.f_read   0x080100fc      0x27e ./Middlewares/Third_Party/FatFs/src/ff.o
                0x080100fc                f_read
 .text.f_write  0x0801037a      0x2ea ./Middlewares/Third_Party/FatFs/src/ff.o
                0x0801037a                f_write
 .text.f_sync   0x08010664       0xfc ./Middlewares/Third_Party/FatFs/src/ff.o
                0x08010664                f_sync
 .text.f_close  0x08010760       0x54 ./Middlewares/Third_Party/FatFs/src/ff.o
                0x08010760                f_close
 .text.f_lseek  0x080107b4      0x412 ./Middlewares/Third_Party/FatFs/src/ff.o
                0x080107b4                f_lseek
 .text.f_opendir
                0x08010bc6       0xe6 ./Middlewares/Third_Party/FatFs/src/ff.o
                0x08010bc6                f_opendir
 .text.f_closedir
                0x08010cac       0x4c ./Middlewares/Third_Party/FatFs/src/ff.o
                0x08010cac                f_closedir
 .text.f_readdir
                0x08010cf8       0x7a ./Middlewares/Third_Party/FatFs/src/ff.o
                0x08010cf8                f_readdir
 .text.f_mkdir  0x08010d72      0x20e ./Middlewares/Third_Party/FatFs/src/ff.o
                0x08010d72                f_mkdir
 .text.FATFS_LinkDriverEx
                0x08010f80       0x98 ./Middlewares/Third_Party/FatFs/src/ff_gen_drv.o
                0x08010f80                FATFS_LinkDriverEx
 .text.FATFS_LinkDriver
                0x08011018       0x1e ./Middlewares/Third_Party/FatFs/src/ff_gen_drv.o
                0x08011018                FATFS_LinkDriver
 *fill*         0x08011036        0x2 
 .text.ff_convert
                0x08011038       0x78 ./Middlewares/Third_Party/FatFs/src/option/ccsbcs.o
                0x08011038                ff_convert
 .text.ff_wtoupper
                0x080110b0      0x114 ./Middlewares/Third_Party/FatFs/src/option/ccsbcs.o
                0x080110b0                ff_wtoupper
 .text.__cvt    0x080111c4       0xca /Applications/STM32CubeIDE.app/Contents/Eclipse/plugins/com.st.stm32cube.ide.mcu.externaltools.gnu-tools-for-stm32.13.3.rel1.macos64_1.0.0.202411102158/tools/bin/../lib/gcc/arm-none-eabi/13.3.1/../../../../arm-none-eabi/lib/thumb/v7e-m+fp/hard/libc_nano.a(libc_a-nano-vfprintf_float.o)
                0x080111c4                __cvt
 .text.__exponent
                0x0801128e       0x74 /Applications/STM32CubeIDE.app/Contents/Eclipse/plugins/com.st.stm32cube.ide.mcu.externaltools.gnu-tools-for-stm32.13.3.rel1.macos64_1.0.0.202411102158/tools/bin/../lib/gcc/arm-none-eabi/13.3.1/../../../../arm-none-eabi/lib/thumb/v7e-m+fp/hard/libc_nano.a(libc_a-nano-vfprintf_float.o)
                0x0801128e                __exponent
 *fill*         0x08011302        0x2 
 .text._printf_float
                0x08011304      0x454 /Applications/STM32CubeIDE.app/Contents/Eclipse/plugins/com.st.stm32cube.ide.mcu.externaltools.gnu-tools-for-stm32.13.3.rel1.macos64_1.0.0.202411102158/tools/bin/../lib/gcc/arm-none-eabi/13.3.1/../../../../arm-none-eabi/lib/thumb/v7e-m+fp/hard/libc_nano.a(libc_a-nano-vfprintf_float.o)
                0x08011304                _printf_float
 .text._printf_common
                0x08011758       0xda /Applications/STM32CubeIDE.app/Contents/Eclipse/plugins/com.st.stm32cube.ide.mcu.externaltools.gnu-tools-for-stm32.13.3.rel1.macos64_1.0.0.202411102158/tools/bin/../lib/gcc/arm-none-eabi/13.3.1/../../../../arm-none-eabi/lib/thumb/v7e-m+fp/hard/libc_nano.a(libc_a-nano-vfprintf_i.o)
                0x08011758                _printf_common
 *fill*         0x08011832        0x2 
 .text._printf_i
                0x08011834      0x23c /Applications/STM32CubeIDE.app/Contents/Eclipse/plugins/com.st.stm32cube.ide.mcu.externaltools.gnu-tools-for-stm32.13.3.rel1.macos64_1.0.0.202411102158/tools/bin/../lib/gcc/arm-none-eabi/13.3.1/../../../../arm-none-eabi/lib/thumb/v7e-m+fp/hard/libc_nano.a(libc_a-nano-vfprintf_i.o)
                0x08011834                _printf_i
 .text._scanf_float
                0x08011a70      0x41c /Applications/STM32CubeIDE.app/Contents/Eclipse/plugins/com.st.stm32cube.ide.mcu.externaltools.gnu-tools-for-stm32.13.3.rel1.macos64_1.0.0.202411102158/tools/bin/../lib/gcc/arm-none-eabi/13.3.1/../../../../arm-none-eabi/lib/thumb/v7e-m+fp/hard/libc_nano.a(libc_a-nano-vfscanf_float.o)
                0x08011a70                _scanf_float
 .text.snprintf
                0x08011e8c       0x6c /Applications/STM32CubeIDE.app/Contents/Eclipse/plugins/com.st.stm32cube.ide.mcu.externaltools.gnu-tools-for-stm32.13.3.rel1.macos64_1.0.0.202411102158/tools/bin/../lib/gcc/arm-none-eabi/13.3.1/../../../../arm-none-eabi/lib/thumb/v7e-m+fp/hard/libc_nano.a(libc_a-snprintf.o)
                0x08011e8c                snprintf
                0x08011e8c                sniprintf
 .text.sprintf  0x08011ef8       0x44 /Applications/STM32CubeIDE.app/Contents/Eclipse/plugins/com.st.stm32cube.ide.mcu.externaltools.gnu-tools-for-stm32.13.3.rel1.macos64_1.0.0.202411102158/tools/bin/../lib/gcc/arm-none-eabi/13.3.1/../../../../arm-none-eabi/lib/thumb/v7e-m+fp/hard/libc_nano.a(libc_a-sprintf.o)
                0x08011ef8                sprintf
                0x08011ef8                siprintf
 .text.std      0x08011f3c       0x6c /Applications/STM32CubeIDE.app/Contents/Eclipse/plugins/com.st.stm32cube.ide.mcu.externaltools.gnu-tools-for-stm32.13.3.rel1.macos64_1.0.0.202411102158/tools/bin/../lib/gcc/arm-none-eabi/13.3.1/../../../../arm-none-eabi/lib/thumb/v7e-m+fp/hard/libc_nano.a(libc_a-findfp.o)
 .text.stdio_exit_handler
                0x08011fa8       0x18 /Applications/STM32CubeIDE.app/Contents/Eclipse/plugins/com.st.stm32cube.ide.mcu.externaltools.gnu-tools-for-stm32.13.3.rel1.macos64_1.0.0.202411102158/tools/bin/../lib/gcc/arm-none-eabi/13.3.1/../../../../arm-none-eabi/lib/thumb/v7e-m+fp/hard/libc_nano.a(libc_a-findfp.o)
 .text.cleanup_stdio
                0x08011fc0       0x40 /Applications/STM32CubeIDE.app/Contents/Eclipse/plugins/com.st.stm32cube.ide.mcu.externaltools.gnu-tools-for-stm32.13.3.rel1.macos64_1.0.0.202411102158/tools/bin/../lib/gcc/arm-none-eabi/13.3.1/../../../../arm-none-eabi/lib/thumb/v7e-m+fp/hard/libc_nano.a(libc_a-findfp.o)
 .text.global_stdio_init.part.0
                0x08012000       0x3c /Applications/STM32CubeIDE.app/Contents/Eclipse/plugins/com.st.stm32cube.ide.mcu.externaltools.gnu-tools-for-stm32.13.3.rel1.macos64_1.0.0.202411102158/tools/bin/../lib/gcc/arm-none-eabi/13.3.1/../../../../arm-none-eabi/lib/thumb/v7e-m+fp/hard/libc_nano.a(libc_a-findfp.o)
 .text.__sfp_lock_acquire
                0x0801203c        0xc /Applications/STM32CubeIDE.app/Contents/Eclipse/plugins/com.st.stm32cube.ide.mcu.externaltools.gnu-tools-for-stm32.13.3.rel1.macos64_1.0.0.202411102158/tools/bin/../lib/gcc/arm-none-eabi/13.3.1/../../../../arm-none-eabi/lib/thumb/v7e-m+fp/hard/libc_nano.a(libc_a-findfp.o)
                0x0801203c                __sfp_lock_acquire
 .text.__sfp_lock_release
                0x08012048        0xc /Applications/STM32CubeIDE.app/Contents/Eclipse/plugins/com.st.stm32cube.ide.mcu.externaltools.gnu-tools-for-stm32.13.3.rel1.macos64_1.0.0.202411102158/tools/bin/../lib/gcc/arm-none-eabi/13.3.1/../../../../arm-none-eabi/lib/thumb/v7e-m+fp/hard/libc_nano.a(libc_a-findfp.o)
                0x08012048                __sfp_lock_release
 .text.__sinit  0x08012054       0x30 /Applications/STM32CubeIDE.app/Contents/Eclipse/plugins/com.st.stm32cube.ide.mcu.externaltools.gnu-tools-for-stm32.13.3.rel1.macos64_1.0.0.202411102158/tools/bin/../lib/gcc/arm-none-eabi/13.3.1/../../../../arm-none-eabi/lib/thumb/v7e-m+fp/hard/libc_nano.a(libc_a-findfp.o)
                0x08012054                __sinit
 .text.sulp     0x08012084       0x3c /Applications/STM32CubeIDE.app/Contents/Eclipse/plugins/com.st.stm32cube.ide.mcu.externaltools.gnu-tools-for-stm32.13.3.rel1.macos64_1.0.0.202411102158/tools/bin/../lib/gcc/arm-none-eabi/13.3.1/../../../../arm-none-eabi/lib/thumb/v7e-m+fp/hard/libc_nano.a(libc_a-strtod.o)
 .text._strtod_l
                0x080120c0      0xbc8 /Applications/STM32CubeIDE.app/Contents/Eclipse/plugins/com.st.stm32cube.ide.mcu.externaltools.gnu-tools-for-stm32.13.3.rel1.macos64_1.0.0.202411102158/tools/bin/../lib/gcc/arm-none-eabi/13.3.1/../../../../arm-none-eabi/lib/thumb/v7e-m+fp/hard/libc_nano.a(libc_a-strtod.o)
                0x080120c0                _strtod_l
 .text._strtod_r
                0x08012c88        0xc /Applications/STM32CubeIDE.app/Contents/Eclipse/plugins/com.st.stm32cube.ide.mcu.externaltools.gnu-tools-for-stm32.13.3.rel1.macos64_1.0.0.202411102158/tools/bin/../lib/gcc/arm-none-eabi/13.3.1/../../../../arm-none-eabi/lib/thumb/v7e-m+fp/hard/libc_nano.a(libc_a-strtod.o)
                0x08012c88                _strtod_r
 .text._strtol_l.isra.0
                0x08012c94       0xf4 /Applications/STM32CubeIDE.app/Contents/Eclipse/plugins/com.st.stm32cube.ide.mcu.externaltools.gnu-tools-for-stm32.13.3.rel1.macos64_1.0.0.202411102158/tools/bin/../lib/gcc/arm-none-eabi/13.3.1/../../../../arm-none-eabi/lib/thumb/v7e-m+fp/hard/libc_nano.a(libc_a-strtol.o)
 .text._strtol_r
                0x08012d88        0x4 /Applications/STM32CubeIDE.app/Contents/Eclipse/plugins/com.st.stm32cube.ide.mcu.externaltools.gnu-tools-for-stm32.13.3.rel1.macos64_1.0.0.202411102158/tools/bin/../lib/gcc/arm-none-eabi/13.3.1/../../../../arm-none-eabi/lib/thumb/v7e-m+fp/hard/libc_nano.a(libc_a-strtol.o)
                0x08012d88                _strtol_r
 .text._fwalk_sglue
                0x08012d8c       0x3c /Applications/STM32CubeIDE.app/Contents/Eclipse/plugins/com.st.stm32cube.ide.mcu.externaltools.gnu-tools-for-stm32.13.3.rel1.macos64_1.0.0.202411102158/tools/bin/../lib/gcc/arm-none-eabi/13.3.1/../../../../arm-none-eabi/lib/thumb/v7e-m+fp/hard/libc_nano.a(libc_a-fwalk.o)
                0x08012d8c                _fwalk_sglue
 .text.memcmp   0x08012dc8       0x20 /Applications/STM32CubeIDE.app/Contents/Eclipse/plugins/com.st.stm32cube.ide.mcu.externaltools.gnu-tools-for-stm32.13.3.rel1.macos64_1.0.0.202411102158/tools/bin/../lib/gcc/arm-none-eabi/13.3.1/../../../../arm-none-eabi/lib/thumb/v7e-m+fp/hard/libc_nano.a(libc_a-memcmp.o)
                0x08012dc8                memcmp
 .text.memset   0x08012de8       0x10 /Applications/STM32CubeIDE.app/Contents/Eclipse/plugins/com.st.stm32cube.ide.mcu.externaltools.gnu-tools-for-stm32.13.3.rel1.macos64_1.0.0.202411102158/tools/bin/../lib/gcc/arm-none-eabi/13.3.1/../../../../arm-none-eabi/lib/thumb/v7e-m+fp/hard/libc_nano.a(libc_a-memset.o)
                0x08012de8                memset
 .text.strncmp  0x08012df8       0x24 /Applications/STM32CubeIDE.app/Contents/Eclipse/plugins/com.st.stm32cube.ide.mcu.externaltools.gnu-tools-for-stm32.13.3.rel1.macos64_1.0.0.202411102158/tools/bin/../lib/gcc/arm-none-eabi/13.3.1/../../../../arm-none-eabi/lib/thumb/v7e-m+fp/hard/libc_nano.a(libc_a-strncmp.o)
                0x08012df8                strncmp
 .text.strncpy  0x08012e1c       0x26 /Applications/STM32CubeIDE.app/Contents/Eclipse/plugins/com.st.stm32cube.ide.mcu.externaltools.gnu-tools-for-stm32.13.3.rel1.macos64_1.0.0.202411102158/tools/bin/../lib/gcc/arm-none-eabi/13.3.1/../../../../arm-none-eabi/lib/thumb/v7e-m+fp/hard/libc_nano.a(libc_a-strncpy.o)
                0x08012e1c                strncpy
 *fill*         0x08012e42        0x2 
 .text.__errno  0x08012e44        0xc /Applications/STM32CubeIDE.app/Contents/Eclipse/plugins/com.st.stm32cube.ide.mcu.externaltools.gnu-tools-for-stm32.13.3.rel1.macos64_1.0.0.202411102158/tools/bin/../lib/gcc/arm-none-eabi/13.3.1/../../../../arm-none-eabi/lib/thumb/v7e-m+fp/hard/libc_nano.a(libc_a-errno.o)
                0x08012e44                __errno
 .text.__libc_init_array
                0x08012e50       0x48 /Applications/STM32CubeIDE.app/Contents/Eclipse/plugins/com.st.stm32cube.ide.mcu.externaltools.gnu-tools-for-stm32.13.3.rel1.macos64_1.0.0.202411102158/tools/bin/../lib/gcc/arm-none-eabi/13.3.1/../../../../arm-none-eabi/lib/thumb/v7e-m+fp/hard/libc_nano.a(libc_a-init.o)
                0x08012e50                __libc_init_array
 .text.__retarget_lock_init_recursive
                0x08012e98        0x2 /Applications/STM32CubeIDE.app/Contents/Eclipse/plugins/com.st.stm32cube.ide.mcu.externaltools.gnu-tools-for-stm32.13.3.rel1.macos64_1.0.0.202411102158/tools/bin/../lib/gcc/arm-none-eabi/13.3.1/../../../../arm-none-eabi/lib/thumb/v7e-m+fp/hard/libc_nano.a(libc_a-lock.o)
                0x08012e98                __retarget_lock_init_recursive
 .text.__retarget_lock_acquire_recursive
                0x08012e9a        0x2 /Applications/STM32CubeIDE.app/Contents/Eclipse/plugins/com.st.stm32cube.ide.mcu.externaltools.gnu-tools-for-stm32.13.3.rel1.macos64_1.0.0.202411102158/tools/bin/../lib/gcc/arm-none-eabi/13.3.1/../../../../arm-none-eabi/lib/thumb/v7e-m+fp/hard/libc_nano.a(libc_a-lock.o)
                0x08012e9a                __retarget_lock_acquire_recursive
 .text.__retarget_lock_release_recursive
                0x08012e9c        0x2 /Applications/STM32CubeIDE.app/Contents/Eclipse/plugins/com.st.stm32cube.ide.mcu.externaltools.gnu-tools-for-stm32.13.3.rel1.macos64_1.0.0.202411102158/tools/bin/../lib/gcc/arm-none-eabi/13.3.1/../../../../arm-none-eabi/lib/thumb/v7e-m+fp/hard/libc_nano.a(libc_a-lock.o)
                0x08012e9c                __retarget_lock_release_recursive
 *fill*         0x08012e9e        0x2 
 .text._localeconv_r
                0x08012ea0        0x8 /Applications/STM32CubeIDE.app/Contents/Eclipse/plugins/com.st.stm32cube.ide.mcu.externaltools.gnu-tools-for-stm32.13.3.rel1.macos64_1.0.0.202411102158/tools/bin/../lib/gcc/arm-none-eabi/13.3.1/../../../../arm-none-eabi/lib/thumb/v7e-m+fp/hard/libc_nano.a(libc_a-localeconv.o)
                0x08012ea0                _localeconv_r
 .text.memcpy   0x08012ea8       0x1c /Applications/STM32CubeIDE.app/Contents/Eclipse/plugins/com.st.stm32cube.ide.mcu.externaltools.gnu-tools-for-stm32.13.3.rel1.macos64_1.0.0.202411102158/tools/bin/../lib/gcc/arm-none-eabi/13.3.1/../../../../arm-none-eabi/lib/thumb/v7e-m+fp/hard/libc_nano.a(libc_a-memcpy-stub.o)
                0x08012ea8                memcpy
 *fill*         0x08012ec4        0x4 
 .text.nan      0x08012ec8       0x10 /Applications/STM32CubeIDE.app/Contents/Eclipse/plugins/com.st.stm32cube.ide.mcu.externaltools.gnu-tools-for-stm32.13.3.rel1.macos64_1.0.0.202411102158/tools/bin/../lib/gcc/arm-none-eabi/13.3.1/../../../../arm-none-eabi/lib/thumb/v7e-m+fp/hard/libc_nano.a(libm_a-s_nan.o)
                0x08012ec8                nan
 .text.nanf     0x08012ed8        0xc /Applications/STM32CubeIDE.app/Contents/Eclipse/plugins/com.st.stm32cube.ide.mcu.externaltools.gnu-tools-for-stm32.13.3.rel1.macos64_1.0.0.202411102158/tools/bin/../lib/gcc/arm-none-eabi/13.3.1/../../../../arm-none-eabi/lib/thumb/v7e-m+fp/hard/libc_nano.a(libm_a-sf_nan.o)
                0x08012ed8                nanf
 .text.quorem   0x08012ee4      0x110 /Applications/STM32CubeIDE.app/Contents/Eclipse/plugins/com.st.stm32cube.ide.mcu.externaltools.gnu-tools-for-stm32.13.3.rel1.macos64_1.0.0.202411102158/tools/bin/../lib/gcc/arm-none-eabi/13.3.1/../../../../arm-none-eabi/lib/thumb/v7e-m+fp/hard/libc_nano.a(libc_a-dtoa.o)
 *fill*         0x08012ff4        0x4 
 .text._dtoa_r  0x08012ff8      0xba0 /Applications/STM32CubeIDE.app/Contents/Eclipse/plugins/com.st.stm32cube.ide.mcu.externaltools.gnu-tools-for-stm32.13.3.rel1.macos64_1.0.0.202411102158/tools/bin/../lib/gcc/arm-none-eabi/13.3.1/../../../../arm-none-eabi/lib/thumb/v7e-m+fp/hard/libc_nano.a(libc_a-dtoa.o)
                0x08012ff8                _dtoa_r
 .text.rshift   0x08013b98       0xa4 /Applications/STM32CubeIDE.app/Contents/Eclipse/plugins/com.st.stm32cube.ide.mcu.externaltools.gnu-tools-for-stm32.13.3.rel1.macos64_1.0.0.202411102158/tools/bin/../lib/gcc/arm-none-eabi/13.3.1/../../../../arm-none-eabi/lib/thumb/v7e-m+fp/hard/libc_nano.a(libc_a-gdtoa-gethex.o)
 .text.__hexdig_fun
                0x08013c3c       0x2a /Applications/STM32CubeIDE.app/Contents/Eclipse/plugins/com.st.stm32cube.ide.mcu.externaltools.gnu-tools-for-stm32.13.3.rel1.macos64_1.0.0.202411102158/tools/bin/../lib/gcc/arm-none-eabi/13.3.1/../../../../arm-none-eabi/lib/thumb/v7e-m+fp/hard/libc_nano.a(libc_a-gdtoa-gethex.o)
                0x08013c3c                __hexdig_fun
 *fill*         0x08013c66        0x2 
 .text.__gethex
                0x08013c68      0x420 /Applications/STM32CubeIDE.app/Contents/Eclipse/plugins/com.st.stm32cube.ide.mcu.externaltools.gnu-tools-for-stm32.13.3.rel1.macos64_1.0.0.202411102158/tools/bin/../lib/gcc/arm-none-eabi/13.3.1/../../../../arm-none-eabi/lib/thumb/v7e-m+fp/hard/libc_nano.a(libc_a-gdtoa-gethex.o)
                0x08013c68                __gethex
 .text.L_shift  0x08014088       0x24 /Applications/STM32CubeIDE.app/Contents/Eclipse/plugins/com.st.stm32cube.ide.mcu.externaltools.gnu-tools-for-stm32.13.3.rel1.macos64_1.0.0.202411102158/tools/bin/../lib/gcc/arm-none-eabi/13.3.1/../../../../arm-none-eabi/lib/thumb/v7e-m+fp/hard/libc_nano.a(libc_a-gdtoa-hexnan.o)
 .text.__match  0x080140ac       0x28 /Applications/STM32CubeIDE.app/Contents/Eclipse/plugins/com.st.stm32cube.ide.mcu.externaltools.gnu-tools-for-stm32.13.3.rel1.macos64_1.0.0.202411102158/tools/bin/../lib/gcc/arm-none-eabi/13.3.1/../../../../arm-none-eabi/lib/thumb/v7e-m+fp/hard/libc_nano.a(libc_a-gdtoa-hexnan.o)
                0x080140ac                __match
 .text.__hexnan
                0x080140d4      0x136 /Applications/STM32CubeIDE.app/Contents/Eclipse/plugins/com.st.stm32cube.ide.mcu.externaltools.gnu-tools-for-stm32.13.3.rel1.macos64_1.0.0.202411102158/tools/bin/../lib/gcc/arm-none-eabi/13.3.1/../../../../arm-none-eabi/lib/thumb/v7e-m+fp/hard/libc_nano.a(libc_a-gdtoa-hexnan.o)
                0x080140d4                __hexnan
 .text.__ssputs_r
                0x0801420a       0xb6 /Applications/STM32CubeIDE.app/Contents/Eclipse/plugins/com.st.stm32cube.ide.mcu.externaltools.gnu-tools-for-stm32.13.3.rel1.macos64_1.0.0.202411102158/tools/bin/../lib/gcc/arm-none-eabi/13.3.1/../../../../arm-none-eabi/lib/thumb/v7e-m+fp/hard/libc_nano.a(libc_a-nano-svfprintf.o)
                0x0801420a                __ssputs_r
 .text._svfprintf_r
                0x080142c0      0x1f8 /Applications/STM32CubeIDE.app/Contents/Eclipse/plugins/com.st.stm32cube.ide.mcu.externaltools.gnu-tools-for-stm32.13.3.rel1.macos64_1.0.0.202411102158/tools/bin/../lib/gcc/arm-none-eabi/13.3.1/../../../../arm-none-eabi/lib/thumb/v7e-m+fp/hard/libc_nano.a(libc_a-nano-svfprintf.o)
                0x080142c0                _svfprintf_r
                0x080142c0                _svfiprintf_r
 .text.malloc   0x080144b8       0x10 /Applications/STM32CubeIDE.app/Contents/Eclipse/plugins/com.st.stm32cube.ide.mcu.externaltools.gnu-tools-for-stm32.13.3.rel1.macos64_1.0.0.202411102158/tools/bin/../lib/gcc/arm-none-eabi/13.3.1/../../../../arm-none-eabi/lib/thumb/v7e-m+fp/hard/libc_nano.a(libc_a-malloc.o)
                0x080144b8                malloc
 .text.sbrk_aligned
                0x080144c8       0x44 /Applications/STM32CubeIDE.app/Contents/Eclipse/plugins/com.st.stm32cube.ide.mcu.externaltools.gnu-tools-for-stm32.13.3.rel1.macos64_1.0.0.202411102158/tools/bin/../lib/gcc/arm-none-eabi/13.3.1/../../../../arm-none-eabi/lib/thumb/v7e-m+fp/hard/libc_nano.a(libc_a-mallocr.o)
 .text._malloc_r
                0x0801450c      0x100 /Applications/STM32CubeIDE.app/Contents/Eclipse/plugins/com.st.stm32cube.ide.mcu.externaltools.gnu-tools-for-stm32.13.3.rel1.macos64_1.0.0.202411102158/tools/bin/../lib/gcc/arm-none-eabi/13.3.1/../../../../arm-none-eabi/lib/thumb/v7e-m+fp/hard/libc_nano.a(libc_a-mallocr.o)
                0x0801450c                _malloc_r
 .text.__ascii_mbtowc
                0x0801460c       0x24 /Applications/STM32CubeIDE.app/Contents/Eclipse/plugins/com.st.stm32cube.ide.mcu.externaltools.gnu-tools-for-stm32.13.3.rel1.macos64_1.0.0.202411102158/tools/bin/../lib/gcc/arm-none-eabi/13.3.1/../../../../arm-none-eabi/lib/thumb/v7e-m+fp/hard/libc_nano.a(libc_a-mbtowc_r.o)
                0x0801460c                __ascii_mbtowc
 .text.__sflush_r
                0x08014630      0x108 /Applications/STM32CubeIDE.app/Contents/Eclipse/plugins/com.st.stm32cube.ide.mcu.externaltools.gnu-tools-for-stm32.13.3.rel1.macos64_1.0.0.202411102158/tools/bin/../lib/gcc/arm-none-eabi/13.3.1/../../../../arm-none-eabi/lib/thumb/v7e-m+fp/hard/libc_nano.a(libc_a-fflush.o)
                0x08014630                __sflush_r
 .text._fflush_r
                0x08014738       0x50 /Applications/STM32CubeIDE.app/Contents/Eclipse/plugins/com.st.stm32cube.ide.mcu.externaltools.gnu-tools-for-stm32.13.3.rel1.macos64_1.0.0.202411102158/tools/bin/../lib/gcc/arm-none-eabi/13.3.1/../../../../arm-none-eabi/lib/thumb/v7e-m+fp/hard/libc_nano.a(libc_a-fflush.o)
                0x08014738                _fflush_r
 .text.__malloc_lock
                0x08014788        0xc /Applications/STM32CubeIDE.app/Contents/Eclipse/plugins/com.st.stm32cube.ide.mcu.externaltools.gnu-tools-for-stm32.13.3.rel1.macos64_1.0.0.202411102158/tools/bin/../lib/gcc/arm-none-eabi/13.3.1/../../../../arm-none-eabi/lib/thumb/v7e-m+fp/hard/libc_nano.a(libc_a-mlock.o)
                0x08014788                __malloc_lock
 .text.__malloc_unlock
                0x08014794        0xc /Applications/STM32CubeIDE.app/Contents/Eclipse/plugins/com.st.stm32cube.ide.mcu.externaltools.gnu-tools-for-stm32.13.3.rel1.macos64_1.0.0.202411102158/tools/bin/../lib/gcc/arm-none-eabi/13.3.1/../../../../arm-none-eabi/lib/thumb/v7e-m+fp/hard/libc_nano.a(libc_a-mlock.o)
                0x08014794                __malloc_unlock
 .text._Balloc  0x080147a0       0x80 /Applications/STM32CubeIDE.app/Contents/Eclipse/plugins/com.st.stm32cube.ide.mcu.externaltools.gnu-tools-for-stm32.13.3.rel1.macos64_1.0.0.202411102158/tools/bin/../lib/gcc/arm-none-eabi/13.3.1/../../../../arm-none-eabi/lib/thumb/v7e-m+fp/hard/libc_nano.a(libc_a-mprec.o)
                0x080147a0                _Balloc
 .text._Bfree   0x08014820       0x44 /Applications/STM32CubeIDE.app/Contents/Eclipse/plugins/com.st.stm32cube.ide.mcu.externaltools.gnu-tools-for-stm32.13.3.rel1.macos64_1.0.0.202411102158/tools/bin/../lib/gcc/arm-none-eabi/13.3.1/../../../../arm-none-eabi/lib/thumb/v7e-m+fp/hard/libc_nano.a(libc_a-mprec.o)
                0x08014820                _Bfree
 .text.__multadd
                0x08014864       0x8c /Applications/STM32CubeIDE.app/Contents/Eclipse/plugins/com.st.stm32cube.ide.mcu.externaltools.gnu-tools-for-stm32.13.3.rel1.macos64_1.0.0.202411102158/tools/bin/../lib/gcc/arm-none-eabi/13.3.1/../../../../arm-none-eabi/lib/thumb/v7e-m+fp/hard/libc_nano.a(libc_a-mprec.o)
                0x08014864                __multadd
 .text.__s2b    0x080148f0       0x94 /Applications/STM32CubeIDE.app/Contents/Eclipse/plugins/com.st.stm32cube.ide.mcu.externaltools.gnu-tools-for-stm32.13.3.rel1.macos64_1.0.0.202411102158/tools/bin/../lib/gcc/arm-none-eabi/13.3.1/../../../../arm-none-eabi/lib/thumb/v7e-m+fp/hard/libc_nano.a(libc_a-mprec.o)
                0x080148f0                __s2b
 .text.__hi0bits
                0x08014984       0x3e /Applications/STM32CubeIDE.app/Contents/Eclipse/plugins/com.st.stm32cube.ide.mcu.externaltools.gnu-tools-for-stm32.13.3.rel1.macos64_1.0.0.202411102158/tools/bin/../lib/gcc/arm-none-eabi/13.3.1/../../../../arm-none-eabi/lib/thumb/v7e-m+fp/hard/libc_nano.a(libc_a-mprec.o)
                0x08014984                __hi0bits
 .text.__lo0bits
                0x080149c2       0x5a /Applications/STM32CubeIDE.app/Contents/Eclipse/plugins/com.st.stm32cube.ide.mcu.externaltools.gnu-tools-for-stm32.13.3.rel1.macos64_1.0.0.202411102158/tools/bin/../lib/gcc/arm-none-eabi/13.3.1/../../../../arm-none-eabi/lib/thumb/v7e-m+fp/hard/libc_nano.a(libc_a-mprec.o)
                0x080149c2                __lo0bits
 .text.__i2b    0x08014a1c       0x2c /Applications/STM32CubeIDE.app/Contents/Eclipse/plugins/com.st.stm32cube.ide.mcu.externaltools.gnu-tools-for-stm32.13.3.rel1.macos64_1.0.0.202411102158/tools/bin/../lib/gcc/arm-none-eabi/13.3.1/../../../../arm-none-eabi/lib/thumb/v7e-m+fp/hard/libc_nano.a(libc_a-mprec.o)
                0x08014a1c                __i2b
 .text.__multiply
                0x08014a48      0x144 /Applications/STM32CubeIDE.app/Contents/Eclipse/plugins/com.st.stm32cube.ide.mcu.externaltools.gnu-tools-for-stm32.13.3.rel1.macos64_1.0.0.202411102158/tools/bin/../lib/gcc/arm-none-eabi/13.3.1/../../../../arm-none-eabi/lib/thumb/v7e-m+fp/hard/libc_nano.a(libc_a-mprec.o)
                0x08014a48                __multiply
 .text.__pow5mult
                0x08014b8c       0xb4 /Applications/STM32CubeIDE.app/Contents/Eclipse/plugins/com.st.stm32cube.ide.mcu.externaltools.gnu-tools-for-stm32.13.3.rel1.macos64_1.0.0.202411102158/tools/bin/../lib/gcc/arm-none-eabi/13.3.1/../../../../arm-none-eabi/lib/thumb/v7e-m+fp/hard/libc_nano.a(libc_a-mprec.o)
                0x08014b8c                __pow5mult
 .text.__lshift