../Drivers/CMSIS/Include/core_cm4.h:1938:34:__NVIC_SystemReset	1
../Core/Src/main.c:50:5:_write	1
../Core/Src/main.c:89:6:map	1
../Core/Src/main.c:93:6:MountUSB	2
../Core/Src/main.c:99:6:UnMountUSB	2
../Core/Src/main.c:105:6:OpenFile	2
../Core/Src/main.c:111:6:CloseFile	2
../Core/Src/main.c:117:10:ReadFile	2
../Core/Src/main.c:126:10:WriteFile	3
../Core/Src/main.c:138:9:DeleteFile	1
../Core/Src/main.c:150:5:main	9
../Core/Src/main.c:311:6:SystemClock_Config	3
../Core/Src/main.c:356:13:MX_NVIC_Init	1
../Core/Src/main.c:382:6:HAL_GPIO_EXTI_Callback	5
../Core/Src/main.c:403:6:HAL_UART_RxCpltCallback	2
../Core/Src/main.c:411:6:HAL_TIM_PeriodElapsedCallback	2
../Core/Src/main.c:427:6:Error_Handler	1
