../Drivers/CMSIS/Include/core_cm4.h:1938:34:__NVIC_SystemReset	4	static,ignoring_inline_asm
../Core/Src/main.c:50:5:_write	24	static
../Core/Src/main.c:89:6:map	24	static
../Core/Src/main.c:93:6:MountUSB	16	static
../Core/Src/main.c:99:6:UnMountUSB	16	static
../Core/Src/main.c:105:6:OpenFile	24	static
../Core/Src/main.c:111:6:CloseFile	16	static
../Core/Src/main.c:117:10:ReadFile	24	static
../Core/Src/main.c:126:10:WriteFile	24	static
../Core/Src/main.c:138:9:DeleteFile	24	static
../Core/Src/main.c:150:5:main	40	static
../Core/Src/main.c:311:6:SystemClock_Config	88	static
../Core/Src/main.c:356:13:MX_NVIC_Init	8	static
../Core/Src/main.c:382:6:HAL_GPIO_EXTI_Callback	16	static
../Core/Src/main.c:403:6:HAL_UART_RxCpltCallback	16	static
../Core/Src/main.c:411:6:HAL_TIM_PeriodElapsedCallback	16	static
../Core/Src/main.c:427:6:Error_Handler	8	static,ignoring_inline_asm
