../Core/Src/main.c:60:5:_write	24	static
../Core/Src/main.c:108:6:map	24	static
../Core/Src/main.c:118:5:main	8	static
../Core/Src/main.c:234:6:SystemClock_Config	88	static
../Core/Src/main.c:279:13:MX_NVIC_Init	8	static
../Core/Src/main.c:308:6:HAL_GPIO_EXTI_Callback	16	static
../Core/Src/main.c:329:6:HAL_UART_RxCpltCallback	16	static
../Core/Src/main.c:337:6:HAL_TIM_PeriodElapsedCallback	16	static
../Core/Src/main.c:347:6:HAL_CAN_RxFifo0MsgPendingCallback	16	static
../Core/Src/main.c:356:6:HAL_UARTEx_RxEventCallback	16	static
../Core/Src/main.c:370:6:Error_Handler	8	static,ignoring_inline_asm
