../Core/Src/stm32f4xx_it.c:81:6:NMI_Handler	4	static
../Core/Src/stm32f4xx_it.c:96:6:HardFault_Handler	4	static
../Core/Src/stm32f4xx_it.c:111:6:MemManage_Handler	4	static
../Core/Src/stm32f4xx_it.c:126:6:BusFault_Handler	4	static
../Core/Src/stm32f4xx_it.c:141:6:UsageFault_Handler	4	static
../Core/Src/stm32f4xx_it.c:156:6:SVC_Handler	4	static
../Core/Src/stm32f4xx_it.c:169:6:DebugMon_Handler	4	static
../Core/Src/stm32f4xx_it.c:182:6:PendSV_Handler	4	static
../Core/Src/stm32f4xx_it.c:195:6:SysTick_Handler	8	static
../Core/Src/stm32f4xx_it.c:216:6:EXTI0_IRQHandler	8	static
../Core/Src/stm32f4xx_it.c:230:6:EXTI1_IRQHandler	8	static
../Core/Src/stm32f4xx_it.c:244:6:EXTI2_IRQHandler	8	static
../Core/Src/stm32f4xx_it.c:258:6:EXTI3_IRQHandler	8	static
../Core/Src/stm32f4xx_it.c:272:6:DMA1_Stream2_IRQHandler	8	static
../Core/Src/stm32f4xx_it.c:286:6:DMA1_Stream4_IRQHandler	8	static
../Core/Src/stm32f4xx_it.c:300:6:CAN1_RX0_IRQHandler	8	static
../Core/Src/stm32f4xx_it.c:314:6:USART3_IRQHandler	8	static
../Core/Src/stm32f4xx_it.c:328:6:SDIO_IRQHandler	8	static
../Core/Src/stm32f4xx_it.c:342:6:UART4_IRQHandler	8	static
../Core/Src/stm32f4xx_it.c:356:6:TIM6_DAC_IRQHandler	8	static
../Core/Src/stm32f4xx_it.c:370:6:TIM7_IRQHandler	8	static
../Core/Src/stm32f4xx_it.c:384:6:DMA2_Stream0_IRQHandler	8	static
../Core/Src/stm32f4xx_it.c:398:6:DMA2_Stream2_IRQHandler	8	static
../Core/Src/stm32f4xx_it.c:412:6:DMA2_Stream3_IRQHandler	8	static
../Core/Src/stm32f4xx_it.c:426:6:OTG_FS_IRQHandler	8	static
../Core/Src/stm32f4xx_it.c:440:6:DMA2_Stream6_IRQHandler	8	static
