../Core/Src/CLCD.c:50:6:lcd_Init	16	static
../Core/Src/CLCD.c:125:6:lcd_clear	8	static
../Core/Src/CLCD.c:131:6:lcd_home	8	static
../Core/Src/CLCD.c:137:6:lcd_setCursor	24	static
../Core/Src/CLCD.c:147:6:lcd_noDisplay	8	static
../Core/Src/CLCD.c:152:6:lcd_display	8	static
../Core/Src/CLCD.c:157:6:lcd_noCursor	8	static
../Core/Src/CLCD.c:161:6:lcd_cursor	8	static
../Core/Src/CLCD.c:166:6:lcd_noBlink	8	static
../Core/Src/CLCD.c:170:6:lcd_blink	8	static
../Core/Src/CLCD.c:175:6:lcd_scrollDisplayLeft	8	static
../Core/Src/CLCD.c:178:6:lcd_scrollDisplayRight	8	static
../Core/Src/CLCD.c:182:6:lcd_leftToRight	8	static
../Core/Src/CLCD.c:187:6:lcd_rightToLeft	8	static
../Core/Src/CLCD.c:192:6:lcd_autoscroll	8	static
../Core/Src/CLCD.c:197:6:lcd_noAutoscroll	8	static
../Core/Src/CLCD.c:202:6:lcd_createChar	24	static
../Core/Src/CLCD.c:211:6:lcd_putchar	16	static
../Core/Src/CLCD.c:215:6:lcd_string	16	static
../Core/Src/CLCD.c:221:6:lcd_setCurStr	16	static
../Core/Src/CLCD.c:227:6:command	16	static
../Core/Src/CLCD.c:231:8:write	16	static
../Core/Src/CLCD.c:236:6:delay_us	16	static
../Core/Src/CLCD.c:241:6:send	16	static
../Core/Src/CLCD.c:253:6:pulseEnable	8	static
../Core/Src/CLCD.c:263:6:write4bits	24	static
