../Core/Src/VS1003.c:7:6:VS1003_SPI_Init	16	static
../Core/Src/VS1003.c:29:13:VS1003_SPI_SetSpeed	16	static
../Core/Src/VS1003.c:61:17:VS1003_SPI_ReadWriteByte	32	static
../Core/Src/VS1003.c:70:6:VS1003_Init	8	static
../Core/Src/VS1003.c:85:6:VS1003_WriteReg	16	static
../Core/Src/VS1003.c:102:10:VS1003_ReadReg	24	static
../Core/Src/VS1003.c:122:6:VS1003_ResetDecodeTime	8	static
../Core/Src/VS1003.c:130:10:VS1003_GetDecodeTime	8	static
../Core/Src/VS1003.c:137:6:VS1003_SoftReset	16	static
../Core/Src/VS1003.c:189:6:VS1003_SineTest	8	static
../Core/Src/VS1003.c:246:6:VS1003_Reset	8	static
../Core/Src/VS1003.c:261:6:VS1003_RamTest	16	static
../Core/Src/VS1003.c:284:6:VS1003_SetVol	16	static
../Core/Src/VS1003.c:305:6:VS1003_WriteData	24	static
