../Core/Src/main.c:89:13:start_rx_usart3	8	static
../Core/Src/main.c:95:13:start_rx_uart4	8	static
../Core/Src/main.c:102:13:ESP_EnterBootloader	8	static
../Core/Src/main.c:122:13:Bridge_Start	8	static
../Core/Src/main.c:135:6:HAL_UARTEx_RxEventCallback	24	static
../Core/Src/main.c:192:6:HAL_UART_TxCpltCallback	16	static
../Core/Src/main.c:221:6:HAL_UART_ErrorCallback	16	static
../Core/Src/main.c:237:5:main	8	static
../Core/Src/main.c:289:6:SystemClock_Config	88	static
../Core/Src/main.c:334:13:MX_NVIC_Init	8	static
../Core/Src/main.c:358:6:Error_Handler	4	static,ignoring_inline_asm
