../Core/Src/esp8266.c:41:6:ESP_Init	24	static
../Core/Src/esp8266.c:86:6:ESP_DeInit	24	static
../Core/Src/esp8266.c:114:6:ESP_Reset	40	static
../Core/Src/esp8266.c:144:6:ESP_Test	40	static
../Core/Src/esp8266.c:178:6:ESP_SetEcho	40	static
../Core/Src/esp8266.c:211:6:ESP_GetVersion	48	static
../Core/Src/esp8266.c:251:6:ESP_WiFi_SetMode	72	static
../Core/Src/esp8266.c:287:6:ESP_WiFi_Connect	312	static
../Core/Src/esp8266.c:350:6:ESP_WiFi_Disconnect	40	static
../Core/Src/esp8266.c:382:6:ESP_WiFi_GetStatus	40	static
../Core/Src/esp8266.c:422:6:ESP_WiFi_AutoConnect	72	static
../Core/Src/esp8266.c:458:6:ESP_WiFi_ScanNetworks	104	static
../Core/Src/esp8266.c:523:6:ESP_AP_Configure	312	static
../Core/Src/esp8266.c:579:6:ESP_AP_GetConnectedDevices	48	static
../Core/Src/esp8266.c:627:6:ESP_Network_GetIP	56	static
../Core/Src/esp8266.c:679:6:ESP_Network_SetStaticIP	312	static
../Core/Src/esp8266.c:719:6:ESP_Network_EnableDHCP	72	static
../Core/Src/esp8266.c:755:6:ESP_Network_Ping	312	static
../Core/Src/esp8266.c:802:5:ESP_Conn_TCPConnect	304	static
../Core/Src/esp8266.c:864:5:ESP_Conn_UDPConnect	312	static
../Core/Src/esp8266.c:923:6:ESP_Conn_Close	72	static
../Core/Src/esp8266.c:957:6:ESP_Conn_CloseAll	40	static
../Core/Src/esp8266.c:991:6:ESP_Conn_Send	112	static
../Core/Src/esp8266.c:1046:5:ESP_Conn_Receive	56	static
../Core/Src/esp8266.c:1108:6:ESP_Conn_SetMultiple	72	static
../Core/Src/esp8266.c:1145:6:ESP_Server_Start	112	static
../Core/Src/esp8266.c:1192:6:ESP_Server_Stop	40	static
../Core/Src/esp8266.c:1223:6:ESP_Server_SetMaxConnections	72	static
../Core/Src/esp8266.c:1261:5:ESP_HTTP_GET	952	static
../Core/Src/esp8266.c:1332:5:ESP_HTTP_POST	1472	static
../Core/Src/esp8266.c:1407:6:ESP_DNS_Resolve	312	static
../Core/Src/esp8266.c:1449:6:ESP_ProcessEvents	16	static
